Archive member included to satisfy reference by file (symbol)

/Applications/Simplicity Studio.app/Contents/Eclipse/developer/toolchains/gnu_arm/7.2_2017q4/bin/../lib/gcc/arm-none-eabi/7.2.1/../../../../arm-none-eabi/lib/thumb/v8-m.main/fpv5-sp/softfp/libm.a(lib_a-wf_sqrt.o)
                              ./DSP_FFT/arm_cmplx_mag_f32.o (sqrtf)
/Applications/Simplicity Studio.app/Contents/Eclipse/developer/toolchains/gnu_arm/7.2_2017q4/bin/../lib/gcc/arm-none-eabi/7.2.1/../../../../arm-none-eabi/lib/thumb/v8-m.main/fpv5-sp/softfp/libm.a(lib_a-ef_sqrt.o)
                              /Applications/Simplicity Studio.app/Contents/Eclipse/developer/toolchains/gnu_arm/7.2_2017q4/bin/../lib/gcc/arm-none-eabi/7.2.1/../../../../arm-none-eabi/lib/thumb/v8-m.main/fpv5-sp/softfp/libm.a(lib_a-wf_sqrt.o) (__ieee754_sqrtf)
/Applications/Simplicity Studio.app/Contents/Eclipse/developer/toolchains/gnu_arm/7.2_2017q4/bin/../lib/gcc/arm-none-eabi/7.2.1/../../../../arm-none-eabi/lib/thumb/v8-m.main/fpv5-sp/softfp/libm.a(lib_a-s_lib_ver.o)
                              /Applications/Simplicity Studio.app/Contents/Eclipse/developer/toolchains/gnu_arm/7.2_2017q4/bin/../lib/gcc/arm-none-eabi/7.2.1/../../../../arm-none-eabi/lib/thumb/v8-m.main/fpv5-sp/softfp/libm.a(lib_a-wf_sqrt.o) (__fdlib_version)
/Applications/Simplicity Studio.app/Contents/Eclipse/developer/toolchains/gnu_arm/7.2_2017q4/bin/../lib/gcc/arm-none-eabi/7.2.1/../../../../arm-none-eabi/lib/thumb/v8-m.main/fpv5-sp/softfp/libm.a(lib_a-s_matherr.o)
                              /Applications/Simplicity Studio.app/Contents/Eclipse/developer/toolchains/gnu_arm/7.2_2017q4/bin/../lib/gcc/arm-none-eabi/7.2.1/../../../../arm-none-eabi/lib/thumb/v8-m.main/fpv5-sp/softfp/libm.a(lib_a-wf_sqrt.o) (matherr)
/Applications/Simplicity Studio.app/Contents/Eclipse/developer/toolchains/gnu_arm/7.2_2017q4/bin/../lib/gcc/arm-none-eabi/7.2.1/thumb/v8-m.main/fpv5-sp/softfp/libgcc.a(_arm_addsubdf3.o)
                              /Applications/Simplicity Studio.app/Contents/Eclipse/developer/toolchains/gnu_arm/7.2_2017q4/bin/../lib/gcc/arm-none-eabi/7.2.1/../../../../arm-none-eabi/lib/thumb/v8-m.main/fpv5-sp/softfp/libm.a(lib_a-wf_sqrt.o) (__aeabi_f2d)
/Applications/Simplicity Studio.app/Contents/Eclipse/developer/toolchains/gnu_arm/7.2_2017q4/bin/../lib/gcc/arm-none-eabi/7.2.1/thumb/v8-m.main/fpv5-sp/softfp/libgcc.a(_arm_muldivdf3.o)
                              /Applications/Simplicity Studio.app/Contents/Eclipse/developer/toolchains/gnu_arm/7.2_2017q4/bin/../lib/gcc/arm-none-eabi/7.2.1/../../../../arm-none-eabi/lib/thumb/v8-m.main/fpv5-sp/softfp/libm.a(lib_a-wf_sqrt.o) (__aeabi_ddiv)
/Applications/Simplicity Studio.app/Contents/Eclipse/developer/toolchains/gnu_arm/7.2_2017q4/bin/../lib/gcc/arm-none-eabi/7.2.1/thumb/v8-m.main/fpv5-sp/softfp/libgcc.a(_arm_truncdfsf2.o)
                              /Applications/Simplicity Studio.app/Contents/Eclipse/developer/toolchains/gnu_arm/7.2_2017q4/bin/../lib/gcc/arm-none-eabi/7.2.1/../../../../arm-none-eabi/lib/thumb/v8-m.main/fpv5-sp/softfp/libm.a(lib_a-wf_sqrt.o) (__aeabi_d2f)
/Applications/Simplicity Studio.app/Contents/Eclipse/developer/toolchains/gnu_arm/7.2_2017q4/bin/../lib/gcc/arm-none-eabi/7.2.1/thumb/v8-m.main/fpv5-sp/softfp/libgcc.a(_aeabi_ldivmod.o)
                              ./emlib/em_usart.o (__aeabi_ldivmod)
/Applications/Simplicity Studio.app/Contents/Eclipse/developer/toolchains/gnu_arm/7.2_2017q4/bin/../lib/gcc/arm-none-eabi/7.2.1/thumb/v8-m.main/fpv5-sp/softfp/libgcc.a(_aeabi_uldivmod.o)
                              ./emlib/em_usart.o (__aeabi_uldivmod)
/Applications/Simplicity Studio.app/Contents/Eclipse/developer/toolchains/gnu_arm/7.2_2017q4/bin/../lib/gcc/arm-none-eabi/7.2.1/thumb/v8-m.main/fpv5-sp/softfp/libgcc.a(_udivmoddi4.o)
                              /Applications/Simplicity Studio.app/Contents/Eclipse/developer/toolchains/gnu_arm/7.2_2017q4/bin/../lib/gcc/arm-none-eabi/7.2.1/thumb/v8-m.main/fpv5-sp/softfp/libgcc.a(_aeabi_ldivmod.o) (__udivmoddi4)
/Applications/Simplicity Studio.app/Contents/Eclipse/developer/toolchains/gnu_arm/7.2_2017q4/bin/../lib/gcc/arm-none-eabi/7.2.1/thumb/v8-m.main/fpv5-sp/softfp/libgcc.a(_dvmd_tls.o)
                              /Applications/Simplicity Studio.app/Contents/Eclipse/developer/toolchains/gnu_arm/7.2_2017q4/bin/../lib/gcc/arm-none-eabi/7.2.1/thumb/v8-m.main/fpv5-sp/softfp/libgcc.a(_aeabi_ldivmod.o) (__aeabi_ldiv0)
/Applications/Simplicity Studio.app/Contents/Eclipse/developer/toolchains/gnu_arm/7.2_2017q4/bin/../lib/gcc/arm-none-eabi/7.2.1/../../../../arm-none-eabi/lib/thumb/v8-m.main/fpv5-sp/softfp/libc_nano.a(lib_a-errno.o)
                              /Applications/Simplicity Studio.app/Contents/Eclipse/developer/toolchains/gnu_arm/7.2_2017q4/bin/../lib/gcc/arm-none-eabi/7.2.1/../../../../arm-none-eabi/lib/thumb/v8-m.main/fpv5-sp/softfp/libm.a(lib_a-wf_sqrt.o) (__errno)
[...]
Memory Configuration

Name             Origin             Length             Attributes
FLASH            0x0000000000000000 0x0000000000080000 xr
RAM              0x0000000020000000 0x0000000000008000 xrw
*default*        0x0000000000000000 0xffffffffffffffff

Linker script and memory map

LOAD /Applications/Simplicity Studio.app/Contents/Eclipse/developer/toolchains/gnu_arm/7.2_2017q4/bin/../lib/gcc/arm-none-eabi/7.2.1/thumb/v8-m.main/fpv5-sp/softfp/crti.o
LOAD /Applications/Simplicity Studio.app/Contents/Eclipse/developer/toolchains/gnu_arm/7.2_2017q4/bin/../lib/gcc/arm-none-eabi/7.2.1/thumb/v8-m.main/fpv5-sp/softfp/crtbegin.o
LOAD /Applications/Simplicity Studio.app/Contents/Eclipse/developer/toolchains/gnu_arm/7.2_2017q4/bin/../lib/gcc/arm-none-eabi/7.2.1/../../../../arm-none-eabi/lib/thumb/v8-m.main/fpv5-sp/softfp/crt0.o
LOAD ./CMSIS/EFR32BG22/startup_efr32bg22.o
LOAD ./CMSIS/EFR32BG22/system_efr32bg22.o
LOAD ./DSP_FFT/arm_bitreversal2.o
LOAD ./DSP_FFT/arm_cfft_f32.o
LOAD ./DSP_FFT/arm_cfft_q15.o
LOAD ./DSP_FFT/arm_cfft_q31.o
LOAD ./DSP_FFT/arm_cfft_radix4_init_q15.o
LOAD ./DSP_FFT/arm_cfft_radix4_q15.o
LOAD ./DSP_FFT/arm_cfft_radix4_q31.o
LOAD ./DSP_FFT/arm_cfft_radix8_f32.o
LOAD ./DSP_FFT/arm_cmplx_mag_f32.o
LOAD ./DSP_FFT/arm_cmplx_mag_q15.o
LOAD ./DSP_FFT/arm_cmplx_mag_q31.o
LOAD ./DSP_FFT/arm_common_tables.o
LOAD ./DSP_FFT/arm_const_structs.o
LOAD ./DSP_FFT/arm_max_f32.o
LOAD ./DSP_FFT/arm_sqrt_q15.o
LOAD ./DSP_FFT/arm_sqrt_q31.o
LOAD ./emlib/em_cmu.o
LOAD ./emlib/em_core.o
LOAD ./emlib/em_emu.o
LOAD ./emlib/em_gpio.o
LOAD ./emlib/em_int.o
LOAD ./emlib/em_ldma.o
LOAD ./emlib/em_pdm.o
LOAD ./emlib/em_rtcc.o
LOAD ./emlib/em_system.o
LOAD ./emlib/em_usart.o
LOAD ./retargetio.o
LOAD ./src/arm_fft_bin_data.o
LOAD ./src/arm_fft_bin_example_f32.o
LOAD ./src/blackman_window_256.o
LOAD ./src/main_pdm_stereo_ldma.o
LOAD ./src/retargetserial.o
LOAD /Applications/Simplicity Studio.app/Contents/Eclipse/developer/toolchains/gnu_arm/7.2_2017q4/bin/../lib/gcc/arm-none-eabi/7.2.1/../../../../arm-none-eabi/lib/thumb/v8-m.main/fpv5-sp/softfp/libm.a
START GROUP
LOAD /Applications/Simplicity Studio.app/Contents/Eclipse/developer/toolchains/gnu_arm/7.2_2017q4/bin/../lib/gcc/arm-none-eabi/7.2.1/thumb/v8-m.main/fpv5-sp/softfp/libgcc.a
LOAD /Applications/Simplicity Studio.app/Contents/Eclipse/developer/toolchains/gnu_arm/7.2_2017q4/bin/../lib/gcc/arm-none-eabi/7.2.1/../../../../arm-none-eabi/lib/thumb/v8-m.main/fpv5-sp/softfp/libc_nano.a
LOAD /Applications/Simplicity Studio.app/Contents/Eclipse/developer/toolchains/gnu_arm/7.2_2017q4/bin/../lib/gcc/arm-none-eabi/7.2.1/../../../../arm-none-eabi/lib/thumb/v8-m.main/fpv5-sp/softfp/libnosys.a
END GROUP
START GROUP
LOAD /Applications/Simplicity Studio.app/Contents/Eclipse/developer/toolchains/gnu_arm/7.2_2017q4/bin/../lib/gcc/arm-none-eabi/7.2.1/thumb/v8-m.main/fpv5-sp/softfp/libgcc.a
LOAD /Applications/Simplicity Studio.app/Contents/Eclipse/developer/toolchains/gnu_arm/7.2_2017q4/bin/../lib/gcc/arm-none-eabi/7.2.1/../../../../arm-none-eabi/lib/thumb/v8-m.main/fpv5-sp/softfp/libg_nano.a
LOAD /Applications/Simplicity Studio.app/Contents/Eclipse/developer/toolchains/gnu_arm/7.2_2017q4/bin/../lib/gcc/arm-none-eabi/7.2.1/../../../../arm-none-eabi/lib/thumb/v8-m.main/fpv5-sp/softfp/libc_nano.a
END GROUP
START GROUP
LOAD /Applications/Simplicity Studio.app/Contents/Eclipse/developer/toolchains/gnu_arm/7.2_2017q4/bin/../lib/gcc/arm-none-eabi/7.2.1/thumb/v8-m.main/fpv5-sp/softfp/libgcc.a
LOAD /Applications/Simplicity Studio.app/Contents/Eclipse/developer/toolchains/gnu_arm/7.2_2017q4/bin/../lib/gcc/arm-none-eabi/7.2.1/../../../../arm-none-eabi/lib/thumb/v8-m.main/fpv5-sp/softfp/libc_nano.a
END GROUP
LOAD /Applications/Simplicity Studio.app/Contents/Eclipse/developer/toolchains/gnu_arm/7.2_2017q4/bin/../lib/gcc/arm-none-eabi/7.2.1/thumb/v8-m.main/fpv5-sp/softfp/crtend.o
LOAD /Applications/Simplicity Studio.app/Contents/Eclipse/developer/toolchains/gnu_arm/7.2_2017q4/bin/../lib/gcc/arm-none-eabi/7.2.1/thumb/v8-m.main/fpv5-sp/softfp/crtn.o

.text           0x0000000000000000     0x2b58
 *(.vectors)
 .vectors       0x0000000000000000      0x140 ./CMSIS/EFR32BG22/startup_efr32bg22.o
                0x0000000000000000                __Vectors
                0x0000000000000140                __Vectors_End = .
                0x0000000000000140                __Vectors_Size = (__Vectors_End - __Vectors)
                0x0000000000000140                __end__ = .
 *(.text*)
 .text          0x0000000000000140       0x40 /Applications/Simplicity Studio.app/Contents/Eclipse/developer/toolchains/gnu_arm/7.2_2017q4/bin/../lib/gcc/arm-none-eabi/7.2.1/thumb/v8-m.main/fpv5-sp/softfp/crtbegin.o
 .text          0x0000000000000180       0x74 /Applications/Simplicity Studio.app/Contents/Eclipse/developer/toolchains/gnu_arm/7.2_2017q4/bin/../lib/gcc/arm-none-eabi/7.2.1/../../../../arm-none-eabi/lib/thumb/v8-m.main/fpv5-sp/softfp/crt0.o
                0x0000000000000180                _mainCRTStartup
                0x0000000000000180                _start
 .text          0x00000000000001f4       0x30 ./CMSIS/EFR32BG22/startup_efr32bg22.o
                0x00000000000001f4                Reset_Handler
                0x0000000000000220                SW2_IRQHandler
                0x0000000000000220                TIMER2_IRQHandler
                0x0000000000000220                DebugMon_Handler
                0x0000000000000220                USART0_TX_IRQHandler
                0x0000000000000220                PKE_IRQHandler
                0x0000000000000220                PRORTC_IRQHandler
                0x0000000000000220                IADC_IRQHandler
                0x0000000000000220                I2C0_IRQHandler
                0x0000000000000220                LFXO_IRQHandler
                0x0000000000000220                CRYPTOACC_IRQHandler
                0x0000000000000220                HardFault_Handler
                0x0000000000000220                SMU_SECURE_IRQHandler
                0x0000000000000220                SysTick_Handler
                0x0000000000000220                EMUEFP_IRQHandler
                0x0000000000000220                PendSV_Handler
                0x0000000000000220                NMI_Handler
                0x0000000000000220                SYNTH_IRQHandler
                0x0000000000000220                HFXO0_IRQHandler
                0x0000000000000220                I2C1_IRQHandler
                0x0000000000000220                PDM_IRQHandler
                0x0000000000000220                WDOG0_IRQHandler
                0x0000000000000220                TIMER3_IRQHandler
                0x0000000000000220                SYSCFG_IRQHandler
                0x0000000000000220                EMUSE_IRQHandler
                0x0000000000000220                EMUDG_IRQHandler
                0x0000000000000220                USART1_TX_IRQHandler
                0x0000000000000220                SMU_PRIVILEGED_IRQHandler
                0x0000000000000220                MSC_IRQHandler
                0x0000000000000220                DPLL0_IRQHandler
                0x0000000000000220                UsageFault_Handler
                0x0000000000000220                M33CTI1_IRQHandler
                0x0000000000000220                TIMER4_IRQHandler
                0x0000000000000220                GPIO_EVEN_IRQHandler
                0x0000000000000220                SW0_IRQHandler
                0x0000000000000220                TIMER0_IRQHandler
                0x0000000000000220                LETIMER0_IRQHandler
                0x0000000000000220                TIMER1_IRQHandler
                0x0000000000000220                HFRCO0_IRQHandler
                0x0000000000000220                RFSENSE_IRQHandler
                0x0000000000000220                BUFC_IRQHandler
                0x0000000000000220                DCDC_IRQHandler
                0x0000000000000220                MODEM_IRQHandler
                0x0000000000000220                Default_Handler
                0x0000000000000220                RAC_SEQ_IRQHandler
                0x0000000000000220                FRC_PRI_IRQHandler
                0x0000000000000220                SW3_IRQHandler
                0x0000000000000220                EMU_IRQHandler
                0x0000000000000220                KERNEL0_IRQHandler
                0x0000000000000220                FRC_IRQHandler
                0x0000000000000220                KERNEL1_IRQHandler
                0x0000000000000220                AGC_IRQHandler
                0x0000000000000220                sl_app_properties
                0x0000000000000220                BURTC_IRQHandler
                0x0000000000000220                LFRCO_IRQHandler
                0x0000000000000220                USART0_RX_IRQHandler
                0x0000000000000220                MemManage_Handler
                0x0000000000000220                RDMAILBOX_IRQHandler
                0x0000000000000220                SVC_Handler
                0x0000000000000220                RTCC_IRQHandler
                0x0000000000000220                SW1_IRQHandler
                0x0000000000000220                CMU_IRQHandler
                0x0000000000000220                RAC_RSM_IRQHandler
                0x0000000000000220                EUART0_TX_IRQHandler
                0x0000000000000220                EUART0_RX_IRQHandler
                0x0000000000000220                GPIO_ODD_IRQHandler
                0x0000000000000220                AES_IRQHandler
                0x0000000000000220                M33CTI0_IRQHandler
                0x0000000000000220                ICACHE0_IRQHandler
                0x0000000000000220                SMU_NS_PRIVILEGED_IRQHandler
                0x0000000000000220                PROTIMER_IRQHandler
                0x0000000000000220                BusFault_Handler
                0x0000000000000220                ULFRCO_IRQHandler
                0x0000000000000220                TRNG_IRQHandler
 .text.SystemInit
                0x0000000000000224       0x1c ./CMSIS/EFR32BG22/system_efr32bg22.o
                0x0000000000000224                SystemInit
 .text.SystemSYSCLKGet
                0x0000000000000240       0x38 ./CMSIS/EFR32BG22/system_efr32bg22.o
                0x0000000000000240                SystemSYSCLKGet
 .text.SystemHCLKGet
                0x0000000000000278       0x4c ./CMSIS/EFR32BG22/system_efr32bg22.o
                0x0000000000000278                SystemHCLKGet
 .text.SystemMaxCoreClockGet
                0x00000000000002c4        0x8 ./CMSIS/EFR32BG22/system_efr32bg22.o
                0x00000000000002c4                SystemMaxCoreClockGet
 .text.SystemHFXOClockGet
                0x00000000000002cc        0xc ./CMSIS/EFR32BG22/system_efr32bg22.o
                0x00000000000002cc                SystemHFXOClockGet
 .text.SystemHFRCODPLLClockGet
                0x00000000000002d8        0xc ./CMSIS/EFR32BG22/system_efr32bg22.o
                0x00000000000002d8                SystemHFRCODPLLClockGet
 .text.SystemCLKIN0Get
                0x00000000000002e4        0x4 ./CMSIS/EFR32BG22/system_efr32bg22.o
                0x00000000000002e4                SystemCLKIN0Get
 .text.SystemFSRCOClockGet
                0x00000000000002e8        0x8 ./CMSIS/EFR32BG22/system_efr32bg22.o
                0x00000000000002e8                SystemFSRCOClockGet
 .text.SystemLFRCOClockGet
                0x00000000000002f0        0x8 ./CMSIS/EFR32BG22/system_efr32bg22.o
                0x00000000000002f0                SystemLFRCOClockGet
 .text.SystemULFRCOClockGet
                0x00000000000002f8        0x8 ./CMSIS/EFR32BG22/system_efr32bg22.o
                0x00000000000002f8                SystemULFRCOClockGet
 .text.SystemLFXOClockGet
                0x0000000000000300        0xc ./CMSIS/EFR32BG22/system_efr32bg22.o
                0x0000000000000300                SystemLFXOClockGet
 .text          0x000000000000030c       0xc0 ./DSP_FFT/arm_bitreversal2.o
                0x000000000000030c                arm_bitreversal_32
                0x0000000000000376                arm_bitreversal_16
 .text.arm_cfft_radix4by2_q15
                0x00000000000003cc       0xc0 ./DSP_FFT/arm_cfft_q15.o
                0x00000000000003cc                arm_cfft_radix4by2_q15
 .text.arm_cfft_radix4by2_inverse_q15
                0x000000000000048c       0xc0 ./DSP_FFT/arm_cfft_q15.o
                0x000000000000048c                arm_cfft_radix4by2_inverse_q15
 .text.arm_cfft_q15
                0x000000000000054c       0xbc ./DSP_FFT/arm_cfft_q15.o
                0x000000000000054c                arm_cfft_q15
 .text.arm_radix4_butterfly_q15
                0x0000000000000608      0x258 ./DSP_FFT/arm_cfft_radix4_q15.o
                0x0000000000000608                arm_radix4_butterfly_q15
 .text.arm_radix4_butterfly_inverse_q15
                0x0000000000000860      0x258 ./DSP_FFT/arm_cfft_radix4_q15.o
                0x0000000000000860                arm_radix4_butterfly_inverse_q15
 .text.arm_cmplx_mag_q15
                0x0000000000000ab8       0xa0 ./DSP_FFT/arm_cmplx_mag_q15.o
                0x0000000000000ab8                arm_cmplx_mag_q15
 .text.arm_sqrt_q15
                0x0000000000000b58       0xd0 ./DSP_FFT/arm_sqrt_q15.o
                0x0000000000000b58                arm_sqrt_q15
 .text.em01GrpaClkGet
                0x0000000000000c28       0x48 ./emlib/em_cmu.o
 .text.iadcClkGet
                0x0000000000000c70       0x48 ./emlib/em_cmu.o
 .text.em01GrpbClkGet
                0x0000000000000cb8       0x64 ./emlib/em_cmu.o
 .text.em23GrpaClkGet
                0x0000000000000d1c       0x48 ./emlib/em_cmu.o
 .text.wdog0ClkGet
                0x0000000000000d64       0x54 ./emlib/em_cmu.o
 .text.rtccClkGet
                0x0000000000000db8       0x48 ./emlib/em_cmu.o
 .text.em4GrpaClkGet
                0x0000000000000e00       0x48 ./emlib/em_cmu.o
 .text.euart0ClkGet
                0x0000000000000e48       0x34 ./emlib/em_cmu.o
 .text.flashWaitStateControl.constprop.3
                0x0000000000000e7c       0x50 ./emlib/em_cmu.o
 .text.CMU_ClockEnable
                0x0000000000000ecc       0x6c ./emlib/em_cmu.o
                0x0000000000000ecc                CMU_ClockEnable
 .text.CMU_ClockFreqGet
                0x0000000000000f38      0x1a8 ./emlib/em_cmu.o
                0x0000000000000f38                CMU_ClockFreqGet
 .text.pclkDivOptimize
                0x00000000000010e0       0x2c ./emlib/em_cmu.o
 .text.CMU_UpdateWaitStates
                0x000000000000110c       0x40 ./emlib/em_cmu.o
                0x000000000000110c                CMU_UpdateWaitStates
 .text.CMU_ClockSelectSet
                0x000000000000114c      0x2e4 ./emlib/em_cmu.o
                0x000000000000114c                CMU_ClockSelectSet
 .text.CORE_EnterCritical
                0x0000000000001430        0x8 ./emlib/em_core.o
                0x0000000000001430                CORE_EnterCritical
 .text.CORE_ExitCritical
                0x0000000000001438        0x8 ./emlib/em_core.o
                0x0000000000001438                CORE_ExitCritical
 .text.CORE_EnterAtomic
                0x0000000000001440        0x8 ./emlib/em_core.o
                0x0000000000001440                CORE_EnterAtomic
 .text.CORE_ExitAtomic
                0x0000000000001448        0x4 ./emlib/em_core.o
                0x0000000000001448                CORE_ExitAtomic
 .text.EMU_VScaleEM01
                0x000000000000144c       0xa4 ./emlib/em_emu.o
                0x000000000000144c                EMU_VScaleEM01
 .text.EMU_VScaleEM01ByClock
                0x00000000000014f0       0x4c ./emlib/em_emu.o
                0x00000000000014f0                EMU_VScaleEM01ByClock
 .text.GPIO_PinModeSet
                0x000000000000153c       0x98 ./emlib/em_gpio.o
                0x000000000000153c                GPIO_PinModeSet
 .text.LDMA_Init
                0x00000000000015d4       0x6c ./emlib/em_ldma.o
                0x00000000000015d4                LDMA_Init
 .text.LDMA_StartTransfer
                0x0000000000001640       0xa0 ./emlib/em_ldma.o
                0x0000000000001640                LDMA_StartTransfer
 .text.USART_BaudrateAsyncSet
                0x00000000000016e0       0x64 ./emlib/em_usart.o
                0x00000000000016e0                USART_BaudrateAsyncSet
 .text.USART_Enable
                0x0000000000001744       0x24 ./emlib/em_usart.o
                0x0000000000001744                USART_Enable
 .text.USART_InitAsync
                0x0000000000001768      0x154 ./emlib/em_usart.o
                0x0000000000001768                USART_InitAsync
 .text.USART_Rx
                0x00000000000018bc        0xc ./emlib/em_usart.o
                0x00000000000018bc                USART_Rx
 .text.USART_Tx
                0x00000000000018c8        0xc ./emlib/em_usart.o
                0x00000000000018c8                USART_Tx
 .text._close   0x00000000000018d4        0x4 ./retargetio.o
                0x00000000000018d4                _close
 .text._exit    0x00000000000018d8        0x4 ./retargetio.o
                0x00000000000018d8                _exit
 .text._fstat   0x00000000000018dc        0xc ./retargetio.o
                0x00000000000018dc                _fstat
 .text._lseek   0x00000000000018e8        0x4 ./retargetio.o
                0x00000000000018e8                _lseek
 .text._read    0x00000000000018ec       0x2c ./retargetio.o
                0x00000000000018ec                _read
 .text._sbrk    0x0000000000001918       0x1c ./retargetio.o
                0x0000000000001918                _sbrk
 .text._write   0x0000000000001934       0x1c ./retargetio.o
                0x0000000000001934                _write
 .text.initPdm  0x0000000000001950       0x9c ./src/main_pdm_stereo_ldma.o
                0x0000000000001950                initPdm
 .text.initLdma
                0x00000000000019ec       0xa0 ./src/main_pdm_stereo_ldma.o
                0x00000000000019ec                initLdma
 .text.LDMA_IRQHandler
                0x0000000000001a8c       0x24 ./src/main_pdm_stereo_ldma.o
                0x0000000000001a8c                LDMA_IRQHandler
 .text.dump_out
                0x0000000000001ab0       0x24 ./src/main_pdm_stereo_ldma.o
                0x0000000000001ab0                dump_out
 .text.startup.main
                0x0000000000001ad4       0xf4 ./src/main_pdm_stereo_ldma.o
                0x0000000000001ad4                main
 .text.USART1_RX_IRQHandler
                0x0000000000001bc8       0x54 ./src/retargetserial.o
                0x0000000000001bc8                USART1_RX_IRQHandler
 .text.RETARGET_SerialCrLf
                0x0000000000001c1c       0x14 ./src/retargetserial.o
                0x0000000000001c1c                RETARGET_SerialCrLf
 .text.RETARGET_SerialInit
                0x0000000000001c30       0xbc ./src/retargetserial.o
                0x0000000000001c30                RETARGET_SerialInit
 .text.RETARGET_ReadChar
                0x0000000000001cec       0x68 ./src/retargetserial.o
                0x0000000000001cec                RETARGET_ReadChar
 .text.RETARGET_WriteChar
                0x0000000000001d54       0x48 ./src/retargetserial.o
                0x0000000000001d54                RETARGET_WriteChar
 .text.exit     0x0000000000001d9c       0x28 /Applications/Simplicity Studio.app/Contents/Eclipse/developer/toolchains/gnu_arm/7.2_2017q4/bin/../lib/gcc/arm-none-eabi/7.2.1/../../../../arm-none-eabi/lib/thumb/v8-m.main/fpv5-sp/softfp/libc_nano.a(lib_a-exit.o)
                0x0000000000001d9c                exit
 .text.__libc_init_array
                0x0000000000001dc4       0x48 /Applications/Simplicity Studio.app/Contents/Eclipse/developer/toolchains/gnu_arm/7.2_2017q4/bin/../lib/gcc/arm-none-eabi/7.2.1/../../../../arm-none-eabi/lib/thumb/v8-m.main/fpv5-sp/softfp/libc_nano.a(lib_a-init.o)
                0x0000000000001dc4                __libc_init_array
 .text.memset   0x0000000000001e0c       0x10 /Applications/Simplicity Studio.app/Contents/Eclipse/developer/toolchains/gnu_arm/7.2_2017q4/bin/../lib/gcc/arm-none-eabi/7.2.1/../../../../arm-none-eabi/lib/thumb/v8-m.main/fpv5-sp/softfp/libc_nano.a(lib_a-memset.o)
                0x0000000000001e0c                memset
 .text.setvbuf  0x0000000000001e1c      0x158 /Applications/Simplicity Studio.app/Contents/Eclipse/developer/toolchains/gnu_arm/7.2_2017q4/bin/../lib/gcc/arm-none-eabi/7.2.1/../../../../arm-none-eabi/lib/thumb/v8-m.main/fpv5-sp/softfp/libc_nano.a(lib_a-setvbuf.o)
                0x0000000000001e1c                setvbuf
 .text.__sflush_r
                0x0000000000001f74      0x108 /Applications/Simplicity Studio.app/Contents/Eclipse/developer/toolchains/gnu_arm/7.2_2017q4/bin/../lib/gcc/arm-none-eabi/7.2.1/../../../../arm-none-eabi/lib/thumb/v8-m.main/fpv5-sp/softfp/libc_nano.a(lib_a-fflush.o)
                0x0000000000001f74                __sflush_r
 .text._fflush_r
                0x000000000000207c       0x54 /Applications/Simplicity Studio.app/Contents/Eclipse/developer/toolchains/gnu_arm/7.2_2017q4/bin/../lib/gcc/arm-none-eabi/7.2.1/../../../../arm-none-eabi/lib/thumb/v8-m.main/fpv5-sp/softfp/libc_nano.a(lib_a-fflush.o)
                0x000000000000207c                _fflush_r
 .text.std      0x00000000000020d0       0x48 /Applications/Simplicity Studio.app/Contents/Eclipse/developer/toolchains/gnu_arm/7.2_2017q4/bin/../lib/gcc/arm-none-eabi/7.2.1/../../../../arm-none-eabi/lib/thumb/v8-m.main/fpv5-sp/softfp/libc_nano.a(lib_a-findfp.o)
 .text._cleanup_r
                0x0000000000002118        0xc /Applications/Simplicity Studio.app/Contents/Eclipse/developer/toolchains/gnu_arm/7.2_2017q4/bin/../lib/gcc/arm-none-eabi/7.2.1/../../../../arm-none-eabi/lib/thumb/v8-m.main/fpv5-sp/softfp/libc_nano.a(lib_a-findfp.o)
                0x0000000000002118                _cleanup_r
 .text.__sfmoreglue
                0x0000000000002124       0x2c /Applications/Simplicity Studio.app/Contents/Eclipse/developer/toolchains/gnu_arm/7.2_2017q4/bin/../lib/gcc/arm-none-eabi/7.2.1/../../../../arm-none-eabi/lib/thumb/v8-m.main/fpv5-sp/softfp/libc_nano.a(lib_a-findfp.o)
                0x0000000000002124                __sfmoreglue
 .text.__sinit  0x0000000000002150       0x60 /Applications/Simplicity Studio.app/Contents/Eclipse/developer/toolchains/gnu_arm/7.2_2017q4/bin/../lib/gcc/arm-none-eabi/7.2.1/../../../../arm-none-eabi/lib/thumb/v8-m.main/fpv5-sp/softfp/libc_nano.a(lib_a-findfp.o)
                0x0000000000002150                __sinit
 .text.__sfp    0x00000000000021b0       0x78 /Applications/Simplicity Studio.app/Contents/Eclipse/developer/toolchains/gnu_arm/7.2_2017q4/bin/../lib/gcc/arm-none-eabi/7.2.1/../../../../arm-none-eabi/lib/thumb/v8-m.main/fpv5-sp/softfp/libc_nano.a(lib_a-findfp.o)
                0x00000000000021b0                __sfp
 .text._fwalk_reent
                0x0000000000002228       0x3c /Applications/Simplicity Studio.app/Contents/Eclipse/developer/toolchains/gnu_arm/7.2_2017q4/bin/../lib/gcc/arm-none-eabi/7.2.1/../../../../arm-none-eabi/lib/thumb/v8-m.main/fpv5-sp/softfp/libc_nano.a(lib_a-fwalk.o)
                0x0000000000002228                _fwalk_reent
 .text.__swhatbuf_r
                0x0000000000002264       0x48 /Applications/Simplicity Studio.app/Contents/Eclipse/developer/toolchains/gnu_arm/7.2_2017q4/bin/../lib/gcc/arm-none-eabi/7.2.1/../../../../arm-none-eabi/lib/thumb/v8-m.main/fpv5-sp/softfp/libc_nano.a(lib_a-makebuf.o)
                0x0000000000002264                __swhatbuf_r
 .text.malloc   0x00000000000022ac       0x10 /Applications/Simplicity Studio.app/Contents/Eclipse/developer/toolchains/gnu_arm/7.2_2017q4/bin/../lib/gcc/arm-none-eabi/7.2.1/../../../../arm-none-eabi/lib/thumb/v8-m.main/fpv5-sp/softfp/libc_nano.a(lib_a-malloc.o)
                0x00000000000022ac                malloc
 .text._free_r  0x00000000000022bc       0x9c /Applications/Simplicity Studio.app/Contents/Eclipse/developer/toolchains/gnu_arm/7.2_2017q4/bin/../lib/gcc/arm-none-eabi/7.2.1/../../../../arm-none-eabi/lib/thumb/v8-m.main/fpv5-sp/softfp/libc_nano.a(lib_a-nano-freer.o)
                0x00000000000022bc                _free_r
 .text._malloc_r
                0x0000000000002358       0xb4 /Applications/Simplicity Studio.app/Contents/Eclipse/developer/toolchains/gnu_arm/7.2_2017q4/bin/../lib/gcc/arm-none-eabi/7.2.1/../../../../arm-none-eabi/lib/thumb/v8-m.main/fpv5-sp/softfp/libc_nano.a(lib_a-nano-mallocr.o)
                0x0000000000002358                _malloc_r
 .text._sbrk_r  0x000000000000240c       0x20 /Applications/Simplicity Studio.app/Contents/Eclipse/developer/toolchains/gnu_arm/7.2_2017q4/bin/../lib/gcc/arm-none-eabi/7.2.1/../../../../arm-none-eabi/lib/thumb/v8-m.main/fpv5-sp/softfp/libc_nano.a(lib_a-sbrkr.o)
                0x000000000000240c                _sbrk_r
 .text.__sread  0x000000000000242c       0x22 /Applications/Simplicity Studio.app/Contents/Eclipse/developer/toolchains/gnu_arm/7.2_2017q4/bin/../lib/gcc/arm-none-eabi/7.2.1/../../../../arm-none-eabi/lib/thumb/v8-m.main/fpv5-sp/softfp/libc_nano.a(lib_a-stdio.o)
                0x000000000000242c                __sread
 .text.__swrite
                0x000000000000244e       0x38 /Applications/Simplicity Studio.app/Contents/Eclipse/developer/toolchains/gnu_arm/7.2_2017q4/bin/../lib/gcc/arm-none-eabi/7.2.1/../../../../arm-none-eabi/lib/thumb/v8-m.main/fpv5-sp/softfp/libc_nano.a(lib_a-stdio.o)
                0x000000000000244e                __swrite
 .text.__sseek  0x0000000000002486       0x24 /Applications/Simplicity Studio.app/Contents/Eclipse/developer/toolchains/gnu_arm/7.2_2017q4/bin/../lib/gcc/arm-none-eabi/7.2.1/../../../../arm-none-eabi/lib/thumb/v8-m.main/fpv5-sp/softfp/libc_nano.a(lib_a-stdio.o)
                0x0000000000002486                __sseek
 .text.__sclose
                0x00000000000024aa        0x8 /Applications/Simplicity Studio.app/Contents/Eclipse/developer/toolchains/gnu_arm/7.2_2017q4/bin/../lib/gcc/arm-none-eabi/7.2.1/../../../../arm-none-eabi/lib/thumb/v8-m.main/fpv5-sp/softfp/libc_nano.a(lib_a-stdio.o)
                0x00000000000024aa                __sclose
 *fill*         0x00000000000024b2        0x2 
 .text._write_r
                0x00000000000024b4       0x24 /Applications/Simplicity Studio.app/Contents/Eclipse/developer/toolchains/gnu_arm/7.2_2017q4/bin/../lib/gcc/arm-none-eabi/7.2.1/../../../../arm-none-eabi/lib/thumb/v8-m.main/fpv5-sp/softfp/libc_nano.a(lib_a-writer.o)
                0x00000000000024b4                _write_r
 .text._close_r
                0x00000000000024d8       0x20 /Applications/Simplicity Studio.app/Contents/Eclipse/developer/toolchains/gnu_arm/7.2_2017q4/bin/../lib/gcc/arm-none-eabi/7.2.1/../../../../arm-none-eabi/lib/thumb/v8-m.main/fpv5-sp/softfp/libc_nano.a(lib_a-closer.o)
                0x00000000000024d8                _close_r
 .text._fstat_r
                0x00000000000024f8       0x24 /Applications/Simplicity Studio.app/Contents/Eclipse/developer/toolchains/gnu_arm/7.2_2017q4/bin/../lib/gcc/arm-none-eabi/7.2.1/../../../../arm-none-eabi/lib/thumb/v8-m.main/fpv5-sp/softfp/libc_nano.a(lib_a-fstatr.o)
                0x00000000000024f8                _fstat_r
 .text._lseek_r
                0x000000000000251c       0x24 /Applications/Simplicity Studio.app/Contents/Eclipse/developer/toolchains/gnu_arm/7.2_2017q4/bin/../lib/gcc/arm-none-eabi/7.2.1/../../../../arm-none-eabi/lib/thumb/v8-m.main/fpv5-sp/softfp/libc_nano.a(lib_a-lseekr.o)
                0x000000000000251c                _lseek_r
 .text.__malloc_lock
                0x0000000000002540        0x2 /Applications/Simplicity Studio.app/Contents/Eclipse/developer/toolchains/gnu_arm/7.2_2017q4/bin/../lib/gcc/arm-none-eabi/7.2.1/../../../../arm-none-eabi/lib/thumb/v8-m.main/fpv5-sp/softfp/libc_nano.a(lib_a-mlock.o)
                0x0000000000002540                __malloc_lock
 .text.__malloc_unlock
                0x0000000000002542        0x2 /Applications/Simplicity Studio.app/Contents/Eclipse/developer/toolchains/gnu_arm/7.2_2017q4/bin/../lib/gcc/arm-none-eabi/7.2.1/../../../../arm-none-eabi/lib/thumb/v8-m.main/fpv5-sp/softfp/libc_nano.a(lib_a-mlock.o)
                0x0000000000002542                __malloc_unlock
 .text._read_r  0x0000000000002544       0x24 /Applications/Simplicity Studio.app/Contents/Eclipse/developer/toolchains/gnu_arm/7.2_2017q4/bin/../lib/gcc/arm-none-eabi/7.2.1/../../../../arm-none-eabi/lib/thumb/v8-m.main/fpv5-sp/softfp/libc_nano.a(lib_a-readr.o)
                0x0000000000002544                _read_r
 *(.init)
 .init          0x0000000000002568        0x4 /Applications/Simplicity Studio.app/Contents/Eclipse/developer/toolchains/gnu_arm/7.2_2017q4/bin/../lib/gcc/arm-none-eabi/7.2.1/thumb/v8-m.main/fpv5-sp/softfp/crti.o
                0x0000000000002568                _init
 .init          0x000000000000256c        0x8 /Applications/Simplicity Studio.app/Contents/Eclipse/developer/toolchains/gnu_arm/7.2_2017q4/bin/../lib/gcc/arm-none-eabi/7.2.1/thumb/v8-m.main/fpv5-sp/softfp/crtn.o
 *(.fini)
 .fini          0x0000000000002574        0x4 /Applications/Simplicity Studio.app/Contents/Eclipse/developer/toolchains/gnu_arm/7.2_2017q4/bin/../lib/gcc/arm-none-eabi/7.2.1/thumb/v8-m.main/fpv5-sp/softfp/crti.o
                0x0000000000002574                _fini
 .fini          0x0000000000002578        0x8 /Applications/Simplicity Studio.app/Contents/Eclipse/developer/toolchains/gnu_arm/7.2_2017q4/bin/../lib/gcc/arm-none-eabi/7.2.1/thumb/v8-m.main/fpv5-sp/softfp/crtn.o
 *crtbegin.o(.ctors)
 *crtbegin?.o(.ctors)
 *(EXCLUDE_FILE(*crtend.o *crtend?.o) .ctors)
 *(SORT_BY_NAME(.ctors.*))
 *(.ctors)
 *crtbegin.o(.dtors)
 *crtbegin?.o(.dtors)
 *(EXCLUDE_FILE(*crtend.o *crtend?.o) .dtors)
 *(SORT_BY_NAME(.dtors.*))
 *(.dtors)
 *(.rodata*)
 .rodata.armBitRevIndexTable_fixed_256
                0x0000000000002580      0x1e0 ./DSP_FFT/arm_common_tables.o
                0x0000000000002580                armBitRevIndexTable_fixed_256
 .rodata.twiddleCoef_256_q15
                0x0000000000002760      0x300 ./DSP_FFT/arm_common_tables.o
                0x0000000000002760                twiddleCoef_256_q15
 .rodata.arm_cfft_sR_q15_len256
                0x0000000000002a60       0x10 ./DSP_FFT/arm_const_structs.o
                0x0000000000002a60                arm_cfft_sR_q15_len256
 .rodata.CSWTCH.49
                0x0000000000002a70       0x10 ./emlib/em_cmu.o
 .rodata.CSWTCH.50
                0x0000000000002a80        0xc ./emlib/em_cmu.o
 .rodata.CSWTCH.52
                0x0000000000002a8c       0x18 ./emlib/em_cmu.o
 .rodata.CSWTCH.53
                0x0000000000002aa4       0x14 ./emlib/em_cmu.o
 .rodata.CSWTCH.54
                0x0000000000002ab8       0x18 ./emlib/em_cmu.o
 .rodata        0x0000000000002ad0        0x4 ./src/main_pdm_stereo_ldma.o
 .rodata        0x0000000000002ad4       0x1c ./src/retargetserial.o
 .rodata._global_impure_ptr
                0x0000000000002af0        0x4 /Applications/Simplicity Studio.app/Contents/Eclipse/developer/toolchains/gnu_arm/7.2_2017q4/bin/../lib/gcc/arm-none-eabi/7.2.1/../../../../arm-none-eabi/lib/thumb/v8-m.main/fpv5-sp/softfp/libc_nano.a(lib_a-impure.o)
                0x0000000000002af0                _global_impure_ptr
 .rodata.__sf_fake_stderr
                0x0000000000002af4       0x20 /Applications/Simplicity Studio.app/Contents/Eclipse/developer/toolchains/gnu_arm/7.2_2017q4/bin/../lib/gcc/arm-none-eabi/7.2.1/../../../../arm-none-eabi/lib/thumb/v8-m.main/fpv5-sp/softfp/libc_nano.a(lib_a-findfp.o)
                0x0000000000002af4                __sf_fake_stderr
 .rodata.__sf_fake_stdin
                0x0000000000002b14       0x20 /Applications/Simplicity Studio.app/Contents/Eclipse/developer/toolchains/gnu_arm/7.2_2017q4/bin/../lib/gcc/arm-none-eabi/7.2.1/../../../../arm-none-eabi/lib/thumb/v8-m.main/fpv5-sp/softfp/libc_nano.a(lib_a-findfp.o)
                0x0000000000002b14                __sf_fake_stdin
 .rodata.__sf_fake_stdout
                0x0000000000002b34       0x20 /Applications/Simplicity Studio.app/Contents/Eclipse/developer/toolchains/gnu_arm/7.2_2017q4/bin/../lib/gcc/arm-none-eabi/7.2.1/../../../../arm-none-eabi/lib/thumb/v8-m.main/fpv5-sp/softfp/libc_nano.a(lib_a-findfp.o)
                0x0000000000002b34                __sf_fake_stdout
 *(.eh_frame*)
 .eh_frame      0x0000000000002b54        0x0 /Applications/Simplicity Studio.app/Contents/Eclipse/developer/toolchains/gnu_arm/7.2_2017q4/bin/../lib/gcc/arm-none-eabi/7.2.1/thumb/v8-m.main/fpv5-sp/softfp/crtbegin.o
 .eh_frame      0x0000000000002b54        0x4 /Applications/Simplicity Studio.app/Contents/Eclipse/developer/toolchains/gnu_arm/7.2_2017q4/bin/../lib/gcc/arm-none-eabi/7.2.1/thumb/v8-m.main/fpv5-sp/softfp/crtend.o

.glue_7         0x0000000000002b58        0x0
 .glue_7        0x0000000000002b58        0x0 linker stubs

.glue_7t        0x0000000000002b58        0x0
 .glue_7t       0x0000000000002b58        0x0 linker stubs

.vfp11_veneer   0x0000000000002b58        0x0
 .vfp11_veneer  0x0000000000002b58        0x0 linker stubs

.v4_bx          0x0000000000002b58        0x0
 .v4_bx         0x0000000000002b58        0x0 linker stubs

.iplt           0x0000000000002b58        0x0
 .iplt          0x0000000000002b58        0x0 /Applications/Simplicity Studio.app/Contents/Eclipse/developer/toolchains/gnu_arm/7.2_2017q4/bin/../lib/gcc/arm-none-eabi/7.2.1/thumb/v8-m.main/fpv5-sp/softfp/crtbegin.o

.ARM.extab
 *(.ARM.extab* .gnu.linkonce.armextab.*)
                0x0000000000002b58                __exidx_start = .

.ARM.exidx      0x0000000000002b58        0x8
 *(.ARM.exidx* .gnu.linkonce.armexidx.*)
 .ARM.exidx     0x0000000000002b58        0x8 /Applications/Simplicity Studio.app/Contents/Eclipse/developer/toolchains/gnu_arm/7.2_2017q4/bin/../lib/gcc/arm-none-eabi/7.2.1/../../../../arm-none-eabi/lib/thumb/v8-m.main/fpv5-sp/softfp/crt0.o
                0x0000000000002b60                __exidx_end = .
                0x0000000000002b60                __etext = .

.rel.dyn        0x0000000000002b60        0x0
 .rel.iplt      0x0000000000002b60        0x0 /Applications/Simplicity Studio.app/Contents/Eclipse/developer/toolchains/gnu_arm/7.2_2017q4/bin/../lib/gcc/arm-none-eabi/7.2.1/thumb/v8-m.main/fpv5-sp/softfp/crtbegin.o

.data           0x0000000020000000       0x7c load address 0x0000000000002b60
                0x0000000020000000                __data_start__ = .
 *(vtable)
 *(.data*)
 .data.SystemCoreClock
                0x0000000020000000        0x4 ./CMSIS/EFR32BG22/system_efr32bg22.o
                0x0000000020000000                SystemCoreClock
 .data.SystemHFRCODPLLClock
                0x0000000020000004        0x4 ./CMSIS/EFR32BG22/system_efr32bg22.o
 .data.SystemHFXOClock
                0x0000000020000008        0x4 ./CMSIS/EFR32BG22/system_efr32bg22.o
 .data.SystemLFXOClock
                0x000000002000000c        0x4 ./CMSIS/EFR32BG22/system_efr32bg22.o
 .data._impure_ptr
                0x0000000020000010        0x4 /Applications/Simplicity Studio.app/Contents/Eclipse/developer/toolchains/gnu_arm/7.2_2017q4/bin/../lib/gcc/arm-none-eabi/7.2.1/../../../../arm-none-eabi/lib/thumb/v8-m.main/fpv5-sp/softfp/libc_nano.a(lib_a-impure.o)
                0x0000000020000010                _impure_ptr
 .data.impure_data
                0x0000000020000014       0x60 /Applications/Simplicity Studio.app/Contents/Eclipse/developer/toolchains/gnu_arm/7.2_2017q4/bin/../lib/gcc/arm-none-eabi/7.2.1/../../../../arm-none-eabi/lib/thumb/v8-m.main/fpv5-sp/softfp/libc_nano.a(lib_a-impure.o)
                0x0000000020000074                . = ALIGN (0x4)
 *(.ram)
                0x0000000020000074                . = ALIGN (0x4)
                0x0000000020000074                PROVIDE (__preinit_array_start, .)
 *(.preinit_array)
                0x0000000020000074                PROVIDE (__preinit_array_end, .)
                0x0000000020000074                . = ALIGN (0x4)
                0x0000000020000074                PROVIDE (__init_array_start, .)
 *(SORT_BY_NAME(.init_array.*))
 *(.init_array)
 .init_array    0x0000000020000074        0x4 /Applications/Simplicity Studio.app/Contents/Eclipse/developer/toolchains/gnu_arm/7.2_2017q4/bin/../lib/gcc/arm-none-eabi/7.2.1/thumb/v8-m.main/fpv5-sp/softfp/crtbegin.o
                0x0000000020000078                PROVIDE (__init_array_end, .)
                0x0000000020000078                . = ALIGN (0x4)
                [!provide]                        PROVIDE (__fini_array_start, .)
 *(SORT_BY_NAME(.fini_array.*))
 *(.fini_array)
 .fini_array    0x0000000020000078        0x4 /Applications/Simplicity Studio.app/Contents/Eclipse/developer/toolchains/gnu_arm/7.2_2017q4/bin/../lib/gcc/arm-none-eabi/7.2.1/thumb/v8-m.main/fpv5-sp/softfp/crtbegin.o
                [!provide]                        PROVIDE (__fini_array_end, .)
 *(.jcr*)
                0x000000002000007c                . = ALIGN (0x4)
                0x000000002000007c                __data_end__ = .

.igot.plt       0x000000002000007c        0x0 load address 0x0000000000002bdc
 .igot.plt      0x000000002000007c        0x0 /Applications/Simplicity Studio.app/Contents/Eclipse/developer/toolchains/gnu_arm/7.2_2017q4/bin/../lib/gcc/arm-none-eabi/7.2.1/thumb/v8-m.main/fpv5-sp/softfp/crtbegin.o

.bss            0x000000002000007c     0x146c load address 0x0000000000002bdc
                0x000000002000007c                . = ALIGN (0x4)
                0x000000002000007c                __bss_start__ = .
 *(.bss*)
 .bss           0x000000002000007c       0x1c /Applications/Simplicity Studio.app/Contents/Eclipse/developer/toolchains/gnu_arm/7.2_2017q4/bin/../lib/gcc/arm-none-eabi/7.2.1/thumb/v8-m.main/fpv5-sp/softfp/crtbegin.o
 .bss.vScaleEM01Config
                0x0000000020000098        0x1 ./emlib/em_emu.o
 *fill*         0x0000000020000099        0x3 
 .bss.heap_end.12645
                0x000000002000009c        0x4 ./retargetio.o
 .bss.LFtoCRLF  0x00000000200000a0        0x1 ./src/retargetserial.o
 .bss.initialized
                0x00000000200000a1        0x1 ./src/retargetserial.o
 *fill*         0x00000000200000a2        0x2 
 .bss.rxBuffer  0x00000000200000a4        0x8 ./src/retargetserial.o
 .bss.rxCount   0x00000000200000ac        0x4 ./src/retargetserial.o
 .bss.rxReadIndex
                0x00000000200000b0        0x4 ./src/retargetserial.o
 .bss.rxWriteIndex
                0x00000000200000b4        0x4 ./src/retargetserial.o
 .bss.__malloc_free_list
                0x00000000200000b8        0x4 /Applications/Simplicity Studio.app/Contents/Eclipse/developer/toolchains/gnu_arm/7.2_2017q4/bin/../lib/gcc/arm-none-eabi/7.2.1/../../../../arm-none-eabi/lib/thumb/v8-m.main/fpv5-sp/softfp/libc_nano.a(lib_a-nano-mallocr.o)
                0x00000000200000b8                __malloc_free_list
 .bss.__malloc_sbrk_start
                0x00000000200000bc        0x4 /Applications/Simplicity Studio.app/Contents/Eclipse/developer/toolchains/gnu_arm/7.2_2017q4/bin/../lib/gcc/arm-none-eabi/7.2.1/../../../../arm-none-eabi/lib/thumb/v8-m.main/fpv5-sp/softfp/libc_nano.a(lib_a-nano-mallocr.o)
                0x00000000200000bc                __malloc_sbrk_start
 *(COMMON)
 COMMON         0x00000000200000c0     0x1421 ./src/main_pdm_stereo_ldma.o
                0x00000000200000c0                descLink
                0x00000000200000e0                out
                0x00000000200004e0                left
                0x0000000020000ce0                pongBuffer
                0x00000000200010e0                pingBuffer
                0x00000000200014e0                prevBufferPing
 *fill*         0x00000000200014e1        0x3 
 COMMON         0x00000000200014e4        0x4 /Applications/Simplicity Studio.app/Contents/Eclipse/developer/toolchains/gnu_arm/7.2_2017q4/bin/../lib/gcc/arm-none-eabi/7.2.1/../../../../arm-none-eabi/lib/thumb/v8-m.main/fpv5-sp/softfp/libc_nano.a(lib_a-reent.o)
                0x00000000200014e4                errno
                0x00000000200014e8                . = ALIGN (0x4)
                0x00000000200014e8                __bss_end__ = .

.heap           0x00000000200014e8      0xc00
                0x00000000200014e8                __HeapBase = .
                0x00000000200014e8                __end__ = .
                0x00000000200014e8                end = __end__
                0x00000000200014e8                _end = __end__
 *(.heap*)
 .heap          0x00000000200014e8      0xc00 ./CMSIS/EFR32BG22/startup_efr32bg22.o
                0x00000000200020e8                __HeapLimit = .

.stack_dummy    0x00000000200014e8      0x400
 *(.stack*)
 .stack         0x00000000200014e8      0x400 ./CMSIS/EFR32BG22/startup_efr32bg22.o
                0x0000000020008000                __StackTop = (ORIGIN (RAM) + LENGTH (RAM))
                0x0000000020007c00                __StackLimit = (__StackTop - SIZEOF (.stack_dummy))
                0x0000000020008000                PROVIDE (__stack, __StackTop)
                0x0000000000000001                ASSERT ((__StackLimit >= __HeapLimit), region RAM overflowed with stack)
                0x0000000000000001                ASSERT ((LENGTH (FLASH) >= (__etext + SIZEOF (.data))), FLASH memory overflowed !)
OUTPUT(BRD4184A_EFR32BG22_pdm_stereo_ldma.axf elf32-littlearm)

.ARM.attributes
                0x0000000000000000       0x34
 .ARM.attributes
                0x0000000000000000       0x26 /Applications/Simplicity Studio.app/Contents/Eclipse/developer/toolchains/gnu_arm/7.2_2017q4/bin/../lib/gcc/arm-none-eabi/7.2.1/thumb/v8-m.main/fpv5-sp/softfp/crti.o
 .ARM.attributes
                0x0000000000000026       0x36 /Applications/Simplicity Studio.app/Contents/Eclipse/developer/toolchains/gnu_arm/7.2_2017q4/bin/../lib/gcc/arm-none-eabi/7.2.1/thumb/v8-m.main/fpv5-sp/softfp/crtbegin.o
 .ARM.attributes
                0x000000000000005c       0x24 /Applications/Simplicity Studio.app/Contents/Eclipse/developer/toolchains/gnu_arm/7.2_2017q4/bin/../lib/gcc/arm-none-eabi/7.2.1/../../../../arm-none-eabi/lib/thumb/v8-m.main/fpv5-sp/softfp/crt0.o
 .ARM.attributes
                0x0000000000000080       0x24 ./CMSIS/EFR32BG22/startup_efr32bg22.o
 .ARM.attributes
                0x00000000000000a4       0x3a ./CMSIS/EFR32BG22/system_efr32bg22.o
 .ARM.attributes
                0x00000000000000de       0x28 ./DSP_FFT/arm_bitreversal2.o
 .ARM.attributes
                0x0000000000000106       0x3a ./DSP_FFT/arm_cfft_q15.o
 .ARM.attributes
                0x0000000000000140       0x3a ./DSP_FFT/arm_cfft_radix4_q15.o
 .ARM.attributes
                0x000000000000017a       0x3a ./DSP_FFT/arm_cmplx_mag_q15.o
 .ARM.attributes
                0x00000000000001b4       0x3a ./DSP_FFT/arm_common_tables.o
 .ARM.attributes
                0x00000000000001ee       0x3a ./DSP_FFT/arm_const_structs.o
 .ARM.attributes
                0x0000000000000228       0x3a ./DSP_FFT/arm_sqrt_q15.o
 .ARM.attributes
                0x0000000000000262       0x3a ./emlib/em_cmu.o
 .ARM.attributes
                0x000000000000029c       0x3a ./emlib/em_core.o
 .ARM.attributes
                0x00000000000002d6       0x3a ./emlib/em_emu.o
 .ARM.attributes
                0x0000000000000310       0x3a ./emlib/em_gpio.o
 .ARM.attributes
                0x000000000000034a       0x3a ./emlib/em_ldma.o
 .ARM.attributes
                0x0000000000000384       0x3a ./emlib/em_usart.o
 .ARM.attributes
                0x00000000000003be       0x3a ./retargetio.o
 .ARM.attributes
                0x00000000000003f8       0x3a ./src/main_pdm_stereo_ldma.o
 .ARM.attributes
                0x0000000000000432       0x3a ./src/retargetserial.o
 .ARM.attributes
                0x000000000000046c       0x36 /Applications/Simplicity Studio.app/Contents/Eclipse/developer/toolchains/gnu_arm/7.2_2017q4/bin/../lib/gcc/arm-none-eabi/7.2.1/../../../../arm-none-eabi/lib/thumb/v8-m.main/fpv5-sp/softfp/libc_nano.a(lib_a-exit.o)
 .ARM.attributes
                0x00000000000004a2       0x36 /Applications/Simplicity Studio.app/Contents/Eclipse/developer/toolchains/gnu_arm/7.2_2017q4/bin/../lib/gcc/arm-none-eabi/7.2.1/../../../../arm-none-eabi/lib/thumb/v8-m.main/fpv5-sp/softfp/libc_nano.a(lib_a-impure.o)
 .ARM.attributes
                0x00000000000004d8       0x36 /Applications/Simplicity Studio.app/Contents/Eclipse/developer/toolchains/gnu_arm/7.2_2017q4/bin/../lib/gcc/arm-none-eabi/7.2.1/../../../../arm-none-eabi/lib/thumb/v8-m.main/fpv5-sp/softfp/libc_nano.a(lib_a-init.o)
 .ARM.attributes
                0x000000000000050e       0x36 /Applications/Simplicity Studio.app/Contents/Eclipse/developer/toolchains/gnu_arm/7.2_2017q4/bin/../lib/gcc/arm-none-eabi/7.2.1/../../../../arm-none-eabi/lib/thumb/v8-m.main/fpv5-sp/softfp/libc_nano.a(lib_a-memset.o)
 .ARM.attributes
                0x0000000000000544       0x36 /Applications/Simplicity Studio.app/Contents/Eclipse/developer/toolchains/gnu_arm/7.2_2017q4/bin/../lib/gcc/arm-none-eabi/7.2.1/../../../../arm-none-eabi/lib/thumb/v8-m.main/fpv5-sp/softfp/libc_nano.a(lib_a-setvbuf.o)
 .ARM.attributes
                0x000000000000057a       0x36 /Applications/Simplicity Studio.app/Contents/Eclipse/developer/toolchains/gnu_arm/7.2_2017q4/bin/../lib/gcc/arm-none-eabi/7.2.1/../../../../arm-none-eabi/lib/thumb/v8-m.main/fpv5-sp/softfp/libc_nano.a(lib_a-fflush.o)
 .ARM.attributes
                0x00000000000005b0       0x36 /Applications/Simplicity Studio.app/Contents/Eclipse/developer/toolchains/gnu_arm/7.2_2017q4/bin/../lib/gcc/arm-none-eabi/7.2.1/../../../../arm-none-eabi/lib/thumb/v8-m.main/fpv5-sp/softfp/libc_nano.a(lib_a-findfp.o)
 .ARM.attributes
                0x00000000000005e6       0x36 /Applications/Simplicity Studio.app/Contents/Eclipse/developer/toolchains/gnu_arm/7.2_2017q4/bin/../lib/gcc/arm-none-eabi/7.2.1/../../../../arm-none-eabi/lib/thumb/v8-m.main/fpv5-sp/softfp/libc_nano.a(lib_a-fwalk.o)
 .ARM.attributes
                0x000000000000061c       0x36 /Applications/Simplicity Studio.app/Contents/Eclipse/developer/toolchains/gnu_arm/7.2_2017q4/bin/../lib/gcc/arm-none-eabi/7.2.1/../../../../arm-none-eabi/lib/thumb/v8-m.main/fpv5-sp/softfp/libc_nano.a(lib_a-makebuf.o)
 .ARM.attributes
                0x0000000000000652       0x36 /Applications/Simplicity Studio.app/Contents/Eclipse/developer/toolchains/gnu_arm/7.2_2017q4/bin/../lib/gcc/arm-none-eabi/7.2.1/../../../../arm-none-eabi/lib/thumb/v8-m.main/fpv5-sp/softfp/libc_nano.a(lib_a-malloc.o)
 .ARM.attributes
                0x0000000000000688       0x36 /Applications/Simplicity Studio.app/Contents/Eclipse/developer/toolchains/gnu_arm/7.2_2017q4/bin/../lib/gcc/arm-none-eabi/7.2.1/../../../../arm-none-eabi/lib/thumb/v8-m.main/fpv5-sp/softfp/libc_nano.a(lib_a-nano-freer.o)
 .ARM.attributes
                0x00000000000006be       0x36 /Applications/Simplicity Studio.app/Contents/Eclipse/developer/toolchains/gnu_arm/7.2_2017q4/bin/../lib/gcc/arm-none-eabi/7.2.1/../../../../arm-none-eabi/lib/thumb/v8-m.main/fpv5-sp/softfp/libc_nano.a(lib_a-nano-mallocr.o)
 .ARM.attributes
                0x00000000000006f4       0x36 /Applications/Simplicity Studio.app/Contents/Eclipse/developer/toolchains/gnu_arm/7.2_2017q4/bin/../lib/gcc/arm-none-eabi/7.2.1/../../../../arm-none-eabi/lib/thumb/v8-m.main/fpv5-sp/softfp/libc_nano.a(lib_a-sbrkr.o)
 .ARM.attributes
                0x000000000000072a       0x36 /Applications/Simplicity Studio.app/Contents/Eclipse/developer/toolchains/gnu_arm/7.2_2017q4/bin/../lib/gcc/arm-none-eabi/7.2.1/../../../../arm-none-eabi/lib/thumb/v8-m.main/fpv5-sp/softfp/libc_nano.a(lib_a-stdio.o)
 .ARM.attributes
                0x0000000000000760       0x36 /Applications/Simplicity Studio.app/Contents/Eclipse/developer/toolchains/gnu_arm/7.2_2017q4/bin/../lib/gcc/arm-none-eabi/7.2.1/../../../../arm-none-eabi/lib/thumb/v8-m.main/fpv5-sp/softfp/libc_nano.a(lib_a-writer.o)
 .ARM.attributes
                0x0000000000000796       0x36 /Applications/Simplicity Studio.app/Contents/Eclipse/developer/toolchains/gnu_arm/7.2_2017q4/bin/../lib/gcc/arm-none-eabi/7.2.1/../../../../arm-none-eabi/lib/thumb/v8-m.main/fpv5-sp/softfp/libc_nano.a(lib_a-closer.o)
 .ARM.attributes
                0x00000000000007cc       0x36 /Applications/Simplicity Studio.app/Contents/Eclipse/developer/toolchains/gnu_arm/7.2_2017q4/bin/../lib/gcc/arm-none-eabi/7.2.1/../../../../arm-none-eabi/lib/thumb/v8-m.main/fpv5-sp/softfp/libc_nano.a(lib_a-fstatr.o)
 .ARM.attributes
                0x0000000000000802       0x36 /Applications/Simplicity Studio.app/Contents/Eclipse/developer/toolchains/gnu_arm/7.2_2017q4/bin/../lib/gcc/arm-none-eabi/7.2.1/../../../../arm-none-eabi/lib/thumb/v8-m.main/fpv5-sp/softfp/libc_nano.a(lib_a-lseekr.o)
 .ARM.attributes
                0x0000000000000838       0x36 /Applications/Simplicity Studio.app/Contents/Eclipse/developer/toolchains/gnu_arm/7.2_2017q4/bin/../lib/gcc/arm-none-eabi/7.2.1/../../../../arm-none-eabi/lib/thumb/v8-m.main/fpv5-sp/softfp/libc_nano.a(lib_a-mlock.o)
 .ARM.attributes
                0x000000000000086e       0x36 /Applications/Simplicity Studio.app/Contents/Eclipse/developer/toolchains/gnu_arm/7.2_2017q4/bin/../lib/gcc/arm-none-eabi/7.2.1/../../../../arm-none-eabi/lib/thumb/v8-m.main/fpv5-sp/softfp/libc_nano.a(lib_a-readr.o)
 .ARM.attributes
                0x00000000000008a4       0x36 /Applications/Simplicity Studio.app/Contents/Eclipse/developer/toolchains/gnu_arm/7.2_2017q4/bin/../lib/gcc/arm-none-eabi/7.2.1/../../../../arm-none-eabi/lib/thumb/v8-m.main/fpv5-sp/softfp/libc_nano.a(lib_a-reent.o)
 .ARM.attributes
                0x00000000000008da       0x36 /Applications/Simplicity Studio.app/Contents/Eclipse/developer/toolchains/gnu_arm/7.2_2017q4/bin/../lib/gcc/arm-none-eabi/7.2.1/thumb/v8-m.main/fpv5-sp/softfp/crtend.o
 .ARM.attributes
                0x0000000000000910       0x26 /Applications/Simplicity Studio.app/Contents/Eclipse/developer/toolchains/gnu_arm/7.2_2017q4/bin/../lib/gcc/arm-none-eabi/7.2.1/thumb/v8-m.main/fpv5-sp/softfp/crtn.o

.comment        0x0000000000000000       0x7e
 .comment       0x0000000000000000       0x7e ./CMSIS/EFR32BG22/system_efr32bg22.o
                                         0x7f (size before relaxing)
 .comment       0x000000000000007e       0x7f ./DSP_FFT/arm_cfft_q15.o
 .comment       0x000000000000007e       0x7f ./DSP_FFT/arm_cfft_radix4_q15.o
 .comment       0x000000000000007e       0x7f ./DSP_FFT/arm_cmplx_mag_q15.o
 .comment       0x000000000000007e       0x7f ./DSP_FFT/arm_common_tables.o
 .comment       0x000000000000007e       0x7f ./DSP_FFT/arm_const_structs.o
 .comment       0x000000000000007e       0x7f ./DSP_FFT/arm_sqrt_q15.o
 .comment       0x000000000000007e       0x7f ./emlib/em_cmu.o
 .comment       0x000000000000007e       0x7f ./emlib/em_core.o
 .comment       0x000000000000007e       0x7f ./emlib/em_emu.o
 .comment       0x000000000000007e       0x7f ./emlib/em_gpio.o
 .comment       0x000000000000007e       0x7f ./emlib/em_ldma.o
 .comment       0x000000000000007e       0x7f ./emlib/em_usart.o
 .comment       0x000000000000007e       0x7f ./retargetio.o
 .comment       0x000000000000007e       0x7f ./src/main_pdm_stereo_ldma.o
 .comment       0x000000000000007e       0x7f ./src/retargetserial.o

.debug_line     0x0000000000000000     0xa04b
 .debug_line    0x0000000000000000       0xe9 ./CMSIS/EFR32BG22/startup_efr32bg22.o
 .debug_line    0x00000000000000e9      0x9bf ./CMSIS/EFR32BG22/system_efr32bg22.o
 .debug_line    0x0000000000000aa8       0x8d ./DSP_FFT/arm_bitreversal2.o
 .debug_line    0x0000000000000b35      0x5dd ./DSP_FFT/arm_cfft_q15.o
 .debug_line    0x0000000000001112      0xa0f ./DSP_FFT/arm_cfft_radix4_q15.o
 .debug_line    0x0000000000001b21      0x454 ./DSP_FFT/arm_cmplx_mag_q15.o
 .debug_line    0x0000000000001f75      0x3fd ./DSP_FFT/arm_common_tables.o
 .debug_line    0x0000000000002372      0x414 ./DSP_FFT/arm_const_structs.o
 .debug_line    0x0000000000002786      0x44d ./DSP_FFT/arm_sqrt_q15.o
 .debug_line    0x0000000000002bd3     0x12f3 ./emlib/em_cmu.o
 .debug_line    0x0000000000003ec6      0xb73 ./emlib/em_core.o
 .debug_line    0x0000000000004a39      0xde1 ./emlib/em_emu.o
 .debug_line    0x000000000000581a      0xa3a ./emlib/em_gpio.o
 .debug_line    0x0000000000006254      0xade ./emlib/em_ldma.o
 .debug_line    0x0000000000006d32      0xda8 ./emlib/em_usart.o
 .debug_line    0x0000000000007ada      0xa6e ./retargetio.o
 .debug_line    0x0000000000008548      0xe62 ./src/main_pdm_stereo_ldma.o
 .debug_line    0x00000000000093aa      0xca1 ./src/retargetserial.o

.debug_info     0x0000000000000000    0x25024
 .debug_info    0x0000000000000000       0x26 ./CMSIS/EFR32BG22/startup_efr32bg22.o
 .debug_info    0x0000000000000026     0x12ab ./CMSIS/EFR32BG22/system_efr32bg22.o
 .debug_info    0x00000000000012d1       0x26 ./DSP_FFT/arm_bitreversal2.o
 .debug_info    0x00000000000012f7     0x1291 ./DSP_FFT/arm_cfft_q15.o
 .debug_info    0x0000000000002588     0x25ed ./DSP_FFT/arm_cfft_radix4_q15.o
 .debug_info    0x0000000000004b75      0xc79 ./DSP_FFT/arm_cmplx_mag_q15.o
 .debug_info    0x00000000000057ee     0x1448 ./DSP_FFT/arm_common_tables.o
 .debug_info    0x0000000000006c36     0x18c7 ./DSP_FFT/arm_const_structs.o
 .debug_info    0x00000000000084fd     0x124b ./DSP_FFT/arm_sqrt_q15.o
 .debug_info    0x0000000000009748     0x60cd ./emlib/em_cmu.o
 .debug_info    0x000000000000f815     0x1051 ./emlib/em_core.o
 .debug_info    0x0000000000010866     0x3379 ./emlib/em_emu.o
 .debug_info    0x0000000000013bdf     0x22a5 ./emlib/em_gpio.o
 .debug_info    0x0000000000015e84     0x1bcb ./emlib/em_ldma.o
 .debug_info    0x0000000000017a4f     0x3f40 ./emlib/em_usart.o
 .debug_info    0x000000000001b98f      0xeb0 ./retargetio.o
 .debug_info    0x000000000001c83f     0x5746 ./src/main_pdm_stereo_ldma.o
 .debug_info    0x0000000000021f85     0x309f ./src/retargetserial.o

.debug_abbrev   0x0000000000000000     0x3250
 .debug_abbrev  0x0000000000000000       0x14 ./CMSIS/EFR32BG22/startup_efr32bg22.o
 .debug_abbrev  0x0000000000000014      0x294 ./CMSIS/EFR32BG22/system_efr32bg22.o
 .debug_abbrev  0x00000000000002a8       0x14 ./DSP_FFT/arm_bitreversal2.o
 .debug_abbrev  0x00000000000002bc      0x2a0 ./DSP_FFT/arm_cfft_q15.o
 .debug_abbrev  0x000000000000055c      0x2ed ./DSP_FFT/arm_cfft_radix4_q15.o
 .debug_abbrev  0x0000000000000849      0x239 ./DSP_FFT/arm_cmplx_mag_q15.o
 .debug_abbrev  0x0000000000000a82      0x193 ./DSP_FFT/arm_common_tables.o
 .debug_abbrev  0x0000000000000c15      0x1b3 ./DSP_FFT/arm_const_structs.o
 .debug_abbrev  0x0000000000000dc8      0x1e9 ./DSP_FFT/arm_sqrt_q15.o
 .debug_abbrev  0x0000000000000fb1      0x58d ./emlib/em_cmu.o
 .debug_abbrev  0x000000000000153e      0x35c ./emlib/em_core.o
 .debug_abbrev  0x000000000000189a      0x4e4 ./emlib/em_emu.o
 .debug_abbrev  0x0000000000001d7e      0x318 ./emlib/em_gpio.o
 .debug_abbrev  0x0000000000002096      0x3ab ./emlib/em_ldma.o
 .debug_abbrev  0x0000000000002441      0x365 ./emlib/em_usart.o
 .debug_abbrev  0x00000000000027a6      0x274 ./retargetio.o
 .debug_abbrev  0x0000000000002a1a      0x47e ./src/main_pdm_stereo_ldma.o
 .debug_abbrev  0x0000000000002e98      0x3b8 ./src/retargetserial.o

.debug_aranges  0x0000000000000000      0x678
 .debug_aranges
                0x0000000000000000       0x20 ./CMSIS/EFR32BG22/startup_efr32bg22.o
 .debug_aranges
                0x0000000000000020       0x88 ./CMSIS/EFR32BG22/system_efr32bg22.o
 .debug_aranges
                0x00000000000000a8       0x20 ./DSP_FFT/arm_bitreversal2.o
 .debug_aranges
                0x00000000000000c8       0x30 ./DSP_FFT/arm_cfft_q15.o
 .debug_aranges
                0x00000000000000f8       0x30 ./DSP_FFT/arm_cfft_radix4_q15.o
 .debug_aranges
                0x0000000000000128       0x20 ./DSP_FFT/arm_cmplx_mag_q15.o
 .debug_aranges
                0x0000000000000148       0x18 ./DSP_FFT/arm_common_tables.o
 .debug_aranges
                0x0000000000000160       0x18 ./DSP_FFT/arm_const_structs.o
 .debug_aranges
                0x0000000000000178       0x20 ./DSP_FFT/arm_sqrt_q15.o
 .debug_aranges
                0x0000000000000198      0x110 ./emlib/em_cmu.o
 .debug_aranges
                0x00000000000002a8       0xb8 ./emlib/em_core.o
 .debug_aranges
                0x0000000000000360       0xc0 ./emlib/em_emu.o
 .debug_aranges
                0x0000000000000420       0x40 ./emlib/em_gpio.o
 .debug_aranges
                0x0000000000000460       0x50 ./emlib/em_ldma.o
 .debug_aranges
                0x00000000000004b0       0xb8 ./emlib/em_usart.o
 .debug_aranges
                0x0000000000000568       0x68 ./retargetio.o
 .debug_aranges
                0x00000000000005d0       0x58 ./src/main_pdm_stereo_ldma.o
 .debug_aranges
                0x0000000000000628       0x50 ./src/retargetserial.o

.debug_str      0x0000000000000000   0x18b945
 .debug_str     0x0000000000000000      0x111 ./CMSIS/EFR32BG22/startup_efr32bg22.o
 .debug_str     0x0000000000000111   0x177bfe ./CMSIS/EFR32BG22/system_efr32bg22.o
                                     0x1781cb (size before relaxing)
 .debug_str     0x0000000000177d0f       0x1e ./DSP_FFT/arm_bitreversal2.o
                                         0x91 (size before relaxing)
 .debug_str     0x0000000000177d2d     0x3c38 ./DSP_FFT/arm_cfft_q15.o
                                       0x819c (size before relaxing)
 .debug_str     0x000000000017b965       0xf1 ./DSP_FFT/arm_cfft_radix4_q15.o
                                       0x81ee (size before relaxing)
 .debug_str     0x000000000017ba56       0x69 ./DSP_FFT/arm_cmplx_mag_q15.o
                                       0x809a (size before relaxing)
 .debug_str     0x000000000017babf      0x910 ./DSP_FFT/arm_common_tables.o
                                       0x893e (size before relaxing)
 .debug_str     0x000000000017c3cf      0x642 ./DSP_FFT/arm_const_structs.o
                                       0x8fc7 (size before relaxing)
 .debug_str     0x000000000017ca11      0x109 ./DSP_FFT/arm_sqrt_q15.o
                                       0x8a47 (size before relaxing)
 .debug_str     0x000000000017cb1a     0x4267 ./emlib/em_cmu.o
                                     0x17dc07 (size before relaxing)
 .debug_str     0x0000000000180d81      0xd9a ./emlib/em_core.o
                                     0x178741 (size before relaxing)
 .debug_str     0x0000000000181b1b      0xdb6 ./emlib/em_emu.o
                                     0x17cd88 (size before relaxing)
 .debug_str     0x00000000001828d1      0x22f ./emlib/em_gpio.o
                                     0x1791f7 (size before relaxing)
 .debug_str     0x0000000000182b00     0x33be ./emlib/em_ldma.o
                                     0x17cffd (size before relaxing)
 .debug_str     0x0000000000185ebe     0x2ce8 ./emlib/em_usart.o
                                     0x17c87f (size before relaxing)
 .debug_str     0x0000000000188ba6      0xdb2 ./retargetio.o
                                     0x17b37e (size before relaxing)
 .debug_str     0x0000000000189958     0x1e63 ./src/main_pdm_stereo_ldma.o
                                     0x184f90 (size before relaxing)
 .debug_str     0x000000000018b7bb      0x18a ./src/retargetserial.o
                                     0x17fa93 (size before relaxing)

.debug_loc      0x0000000000000000     0x88f5
 .debug_loc     0x0000000000000000       0x94 ./CMSIS/EFR32BG22/system_efr32bg22.o
 .debug_loc     0x0000000000000094      0xbd7 ./DSP_FFT/arm_cfft_q15.o
 .debug_loc     0x0000000000000c6b     0x1f25 ./DSP_FFT/arm_cfft_radix4_q15.o
 .debug_loc     0x0000000000002b90      0x2a6 ./DSP_FFT/arm_cmplx_mag_q15.o
 .debug_loc     0x0000000000002e36      0x82a ./DSP_FFT/arm_sqrt_q15.o
 .debug_loc     0x0000000000003660     0x2665 ./emlib/em_cmu.o
 .debug_loc     0x0000000000005cc5      0x6b2 ./emlib/em_core.o
 .debug_loc     0x0000000000006377      0x71e ./emlib/em_emu.o
 .debug_loc     0x0000000000006a95      0x690 ./emlib/em_gpio.o
 .debug_loc     0x0000000000007125      0x57c ./emlib/em_ldma.o
 .debug_loc     0x00000000000076a1      0x9b2 ./emlib/em_usart.o
 .debug_loc     0x0000000000008053      0x253 ./retargetio.o
 .debug_loc     0x00000000000082a6      0x442 ./src/main_pdm_stereo_ldma.o
 .debug_loc     0x00000000000086e8      0x20d ./src/retargetserial.o

.debug_ranges   0x0000000000000000      0xca0
 .debug_ranges  0x0000000000000000       0x90 ./CMSIS/EFR32BG22/system_efr32bg22.o
 .debug_ranges  0x0000000000000090       0x50 ./DSP_FFT/arm_cfft_q15.o
 .debug_ranges  0x00000000000000e0       0x80 ./DSP_FFT/arm_cfft_radix4_q15.o
 .debug_ranges  0x0000000000000160       0x10 ./DSP_FFT/arm_cmplx_mag_q15.o
 .debug_ranges  0x0000000000000170       0x10 ./DSP_FFT/arm_sqrt_q15.o
 .debug_ranges  0x0000000000000180      0x250 ./emlib/em_cmu.o
 .debug_ranges  0x00000000000003d0       0xf0 ./emlib/em_core.o
 .debug_ranges  0x00000000000004c0      0x208 ./emlib/em_emu.o
 .debug_ranges  0x00000000000006c8      0x1a0 ./emlib/em_gpio.o
 .debug_ranges  0x0000000000000868       0xc0 ./emlib/em_ldma.o
 .debug_ranges  0x0000000000000928      0x1e8 ./emlib/em_usart.o
 .debug_ranges  0x0000000000000b10       0x58 ./retargetio.o
 .debug_ranges  0x0000000000000b68       0x90 ./src/main_pdm_stereo_ldma.o
 .debug_ranges  0x0000000000000bf8       0xa8 ./src/retargetserial.o

.debug_macro    0x0000000000000000    0x3b3fa
 .debug_macro   0x0000000000000000      0x2d8 ./CMSIS/EFR32BG22/system_efr32bg22.o
 .debug_macro   0x00000000000002d8      0xa5a ./CMSIS/EFR32BG22/system_efr32bg22.o
 .debug_macro   0x0000000000000d32       0x22 ./CMSIS/EFR32BG22/system_efr32bg22.o
 .debug_macro   0x0000000000000d54       0x4f ./CMSIS/EFR32BG22/system_efr32bg22.o
 .debug_macro   0x0000000000000da3       0x51 ./CMSIS/EFR32BG22/system_efr32bg22.o
 .debug_macro   0x0000000000000df4       0xef ./CMSIS/EFR32BG22/system_efr32bg22.o
 .debug_macro   0x0000000000000ee3       0x6a ./CMSIS/EFR32BG22/system_efr32bg22.o
 .debug_macro   0x0000000000000f4d      0x1df ./CMSIS/EFR32BG22/system_efr32bg22.o
 .debug_macro   0x000000000000112c      0x7dc ./CMSIS/EFR32BG22/system_efr32bg22.o
 .debug_macro   0x0000000000001908       0x1c ./CMSIS/EFR32BG22/system_efr32bg22.o
 .debug_macro   0x0000000000001924       0x29 ./CMSIS/EFR32BG22/system_efr32bg22.o
 .debug_macro   0x000000000000194d       0xdf ./CMSIS/EFR32BG22/system_efr32bg22.o
 .debug_macro   0x0000000000001a2c     0x1401 ./CMSIS/EFR32BG22/system_efr32bg22.o
 .debug_macro   0x0000000000002e2d       0x5e ./CMSIS/EFR32BG22/system_efr32bg22.o
 .debug_macro   0x0000000000002e8b      0xe4f ./CMSIS/EFR32BG22/system_efr32bg22.o
 .debug_macro   0x0000000000003cda     0x12bd ./CMSIS/EFR32BG22/system_efr32bg22.o
 .debug_macro   0x0000000000004f97      0x87c ./CMSIS/EFR32BG22/system_efr32bg22.o
 .debug_macro   0x0000000000005813      0x300 ./CMSIS/EFR32BG22/system_efr32bg22.o
 .debug_macro   0x0000000000005b13       0x34 ./CMSIS/EFR32BG22/system_efr32bg22.o
 .debug_macro   0x0000000000005b47      0x304 ./CMSIS/EFR32BG22/system_efr32bg22.o
 .debug_macro   0x0000000000005e4b      0x456 ./CMSIS/EFR32BG22/system_efr32bg22.o
 .debug_macro   0x00000000000062a1      0x4a1 ./CMSIS/EFR32BG22/system_efr32bg22.o
 .debug_macro   0x0000000000006742      0x156 ./CMSIS/EFR32BG22/system_efr32bg22.o
 .debug_macro   0x0000000000006898      0x764 ./CMSIS/EFR32BG22/system_efr32bg22.o
 .debug_macro   0x0000000000006ffc      0x363 ./CMSIS/EFR32BG22/system_efr32bg22.o
 .debug_macro   0x000000000000735f     0x14f4 ./CMSIS/EFR32BG22/system_efr32bg22.o
 .debug_macro   0x0000000000008853       0x10 ./CMSIS/EFR32BG22/system_efr32bg22.o
 .debug_macro   0x0000000000008863      0x997 ./CMSIS/EFR32BG22/system_efr32bg22.o
 .debug_macro   0x00000000000091fa     0x30be ./CMSIS/EFR32BG22/system_efr32bg22.o
 .debug_macro   0x000000000000c2b8      0xcb2 ./CMSIS/EFR32BG22/system_efr32bg22.o
 .debug_macro   0x000000000000cf6a       0x4c ./CMSIS/EFR32BG22/system_efr32bg22.o
 .debug_macro   0x000000000000cfb6     0x15b8 ./CMSIS/EFR32BG22/system_efr32bg22.o
 .debug_macro   0x000000000000e56e     0x212d ./CMSIS/EFR32BG22/system_efr32bg22.o
 .debug_macro   0x000000000001069b      0x53c ./CMSIS/EFR32BG22/system_efr32bg22.o
 .debug_macro   0x0000000000010bd7      0xfe5 ./CMSIS/EFR32BG22/system_efr32bg22.o
 .debug_macro   0x0000000000011bbc      0x924 ./CMSIS/EFR32BG22/system_efr32bg22.o
 .debug_macro   0x00000000000124e0       0x34 ./CMSIS/EFR32BG22/system_efr32bg22.o
 .debug_macro   0x0000000000012514      0x308 ./CMSIS/EFR32BG22/system_efr32bg22.o
 .debug_macro   0x000000000001281c      0x6a7 ./CMSIS/EFR32BG22/system_efr32bg22.o
 .debug_macro   0x0000000000012ec3      0x618 ./CMSIS/EFR32BG22/system_efr32bg22.o
 .debug_macro   0x00000000000134db      0x9b0 ./CMSIS/EFR32BG22/system_efr32bg22.o
 .debug_macro   0x0000000000013e8b      0x91e ./CMSIS/EFR32BG22/system_efr32bg22.o
 .debug_macro   0x00000000000147a9     0x1bca ./CMSIS/EFR32BG22/system_efr32bg22.o
 .debug_macro   0x0000000000016373      0x76b ./CMSIS/EFR32BG22/system_efr32bg22.o
 .debug_macro   0x0000000000016ade      0x8f3 ./CMSIS/EFR32BG22/system_efr32bg22.o
 .debug_macro   0x00000000000173d1     0x14ed ./CMSIS/EFR32BG22/system_efr32bg22.o
 .debug_macro   0x00000000000188be      0x688 ./CMSIS/EFR32BG22/system_efr32bg22.o
 .debug_macro   0x0000000000018f46      0x464 ./CMSIS/EFR32BG22/system_efr32bg22.o
 .debug_macro   0x00000000000193aa     0x141b ./CMSIS/EFR32BG22/system_efr32bg22.o
 .debug_macro   0x000000000001a7c5     0x15ea ./CMSIS/EFR32BG22/system_efr32bg22.o
 .debug_macro   0x000000000001bdaf     0x3753 ./CMSIS/EFR32BG22/system_efr32bg22.o
 .debug_macro   0x000000000001f502     0x17a9 ./CMSIS/EFR32BG22/system_efr32bg22.o
 .debug_macro   0x0000000000020cab      0x319 ./CMSIS/EFR32BG22/system_efr32bg22.o
 .debug_macro   0x0000000000020fc4     0x53ed ./CMSIS/EFR32BG22/system_efr32bg22.o
 .debug_macro   0x00000000000263b1     0x175c ./CMSIS/EFR32BG22/system_efr32bg22.o
 .debug_macro   0x0000000000027b0d     0x29ed ./CMSIS/EFR32BG22/system_efr32bg22.o
 .debug_macro   0x000000000002a4fa     0x789f ./CMSIS/EFR32BG22/system_efr32bg22.o
 .debug_macro   0x0000000000031d99      0x143 ./CMSIS/EFR32BG22/system_efr32bg22.o
 .debug_macro   0x0000000000031edc      0xfae ./CMSIS/EFR32BG22/system_efr32bg22.o
 .debug_macro   0x0000000000032e8a     0x1376 ./CMSIS/EFR32BG22/system_efr32bg22.o
 .debug_macro   0x0000000000034200     0x1bff ./CMSIS/EFR32BG22/system_efr32bg22.o
 .debug_macro   0x0000000000035dff      0x37d ./CMSIS/EFR32BG22/system_efr32bg22.o
 .debug_macro   0x000000000003617c     0x106c ./CMSIS/EFR32BG22/system_efr32bg22.o
 .debug_macro   0x00000000000371e8      0x165 ./DSP_FFT/arm_cfft_q15.o
 .debug_macro   0x000000000003734d      0x165 ./DSP_FFT/arm_cfft_radix4_q15.o
 .debug_macro   0x00000000000374b2      0x165 ./DSP_FFT/arm_cmplx_mag_q15.o
 .debug_macro   0x0000000000037617      0x178 ./DSP_FFT/arm_common_tables.o
 .debug_macro   0x000000000003778f      0x178 ./DSP_FFT/arm_const_structs.o
 .debug_macro   0x0000000000037907       0x7c ./DSP_FFT/arm_const_structs.o
 .debug_macro   0x0000000000037983      0x178 ./DSP_FFT/arm_sqrt_q15.o
 .debug_macro   0x0000000000037afb      0x391 ./emlib/em_cmu.o
 .debug_macro   0x0000000000037e8c       0x22 ./emlib/em_cmu.o
 .debug_macro   0x0000000000037eae       0x10 ./emlib/em_cmu.o
 .debug_macro   0x0000000000037ebe       0xdc ./emlib/em_cmu.o
 .debug_macro   0x0000000000037f9a       0x69 ./emlib/em_cmu.o
 .debug_macro   0x0000000000038003      0x111 ./emlib/em_cmu.o
 .debug_macro   0x0000000000038114       0x25 ./emlib/em_cmu.o
 .debug_macro   0x0000000000038139       0xee ./emlib/em_cmu.o
 .debug_macro   0x0000000000038227       0x33 ./emlib/em_cmu.o
 .debug_macro   0x000000000003825a      0x2f8 ./emlib/em_core.o
 .debug_macro   0x0000000000038552       0x63 ./emlib/em_core.o
 .debug_macro   0x00000000000385b5       0xba ./emlib/em_core.o
 .debug_macro   0x000000000003866f      0x39d ./emlib/em_emu.o
 .debug_macro   0x0000000000038a0c       0x52 ./emlib/em_emu.o
 .debug_macro   0x0000000000038a5e       0x55 ./emlib/em_emu.o
 .debug_macro   0x0000000000038ab3      0x353 ./emlib/em_emu.o
 .debug_macro   0x0000000000038e06       0xd9 ./emlib/em_emu.o
 .debug_macro   0x0000000000038edf       0x2d ./emlib/em_emu.o
 .debug_macro   0x0000000000038f0c       0xc0 ./emlib/em_emu.o
 .debug_macro   0x0000000000038fcc       0x34 ./emlib/em_emu.o
 .debug_macro   0x0000000000039000      0x2df ./emlib/em_gpio.o
 .debug_macro   0x00000000000392df       0xd6 ./emlib/em_gpio.o
 .debug_macro   0x00000000000393b5      0x30e ./emlib/em_ldma.o
 .debug_macro   0x00000000000396c3       0xba ./emlib/em_ldma.o
 .debug_macro   0x000000000003977d      0x327 ./emlib/em_usart.o
 .debug_macro   0x0000000000039aa4       0xeb ./emlib/em_usart.o
 .debug_macro   0x0000000000039b8f      0x420 ./retargetio.o
 .debug_macro   0x0000000000039faf       0x57 ./retargetio.o
 .debug_macro   0x000000000003a006       0x10 ./retargetio.o
 .debug_macro   0x000000000003a016       0x10 ./retargetio.o
 .debug_macro   0x000000000003a026       0x10 ./retargetio.o
 .debug_macro   0x000000000003a036       0x10 ./retargetio.o
 .debug_macro   0x000000000003a046       0xb6 ./retargetio.o
 .debug_macro   0x000000000003a0fc       0x2e ./retargetio.o
 .debug_macro   0x000000000003a12a       0xf5 ./retargetio.o
 .debug_macro   0x000000000003a21f       0x1c ./retargetio.o
 .debug_macro   0x000000000003a23b       0x10 ./retargetio.o
 .debug_macro   0x000000000003a24b       0x16 ./retargetio.o
 .debug_macro   0x000000000003a261      0x129 ./retargetio.o
 .debug_macro   0x000000000003a38a       0x16 ./retargetio.o
 .debug_macro   0x000000000003a3a0       0x22 ./retargetio.o
 .debug_macro   0x000000000003a3c2       0x16 ./retargetio.o
 .debug_macro   0x000000000003a3d8      0x4f1 ./src/main_pdm_stereo_ldma.o
 .debug_macro   0x000000000003a8c9       0xc0 ./src/main_pdm_stereo_ldma.o
 .debug_macro   0x000000000003a989       0x11 ./src/main_pdm_stereo_ldma.o
 .debug_macro   0x000000000003a99a      0x20f ./src/main_pdm_stereo_ldma.o
 .debug_macro   0x000000000003aba9       0x76 ./src/main_pdm_stereo_ldma.o
 .debug_macro   0x000000000003ac1f       0xf1 ./src/main_pdm_stereo_ldma.o
 .debug_macro   0x000000000003ad10       0x3a ./src/main_pdm_stereo_ldma.o
 .debug_macro   0x000000000003ad4a       0x58 ./src/main_pdm_stereo_ldma.o
 .debug_macro   0x000000000003ada2       0x16 ./src/main_pdm_stereo_ldma.o
 .debug_macro   0x000000000003adb8       0x97 ./src/main_pdm_stereo_ldma.o
 .debug_macro   0x000000000003ae4f       0xf6 ./src/main_pdm_stereo_ldma.o
 .debug_macro   0x000000000003af45       0x7a ./src/main_pdm_stereo_ldma.o
 .debug_macro   0x000000000003afbf      0x43b ./src/retargetserial.o

.debug_frame    0x0000000000000000     0x1630
 .debug_frame   0x0000000000000000       0xf0 ./CMSIS/EFR32BG22/system_efr32bg22.o
 .debug_frame   0x00000000000000f0       0xb8 ./DSP_FFT/arm_cfft_q15.o
 .debug_frame   0x00000000000001a8       0x94 ./DSP_FFT/arm_cfft_radix4_q15.o
 .debug_frame   0x000000000000023c       0x3c ./DSP_FFT/arm_cmplx_mag_q15.o
 .debug_frame   0x0000000000000278       0x3c ./DSP_FFT/arm_sqrt_q15.o
 .debug_frame   0x00000000000002b4      0x38c ./emlib/em_cmu.o
 .debug_frame   0x0000000000000640      0x224 ./emlib/em_core.o
 .debug_frame   0x0000000000000864      0x25c ./emlib/em_emu.o
 .debug_frame   0x0000000000000ac0       0x94 ./emlib/em_gpio.o
 .debug_frame   0x0000000000000b54       0xe8 ./emlib/em_ldma.o
 .debug_frame   0x0000000000000c3c      0x1e0 ./emlib/em_usart.o
 .debug_frame   0x0000000000000e1c       0xc8 ./retargetio.o
 .debug_frame   0x0000000000000ee4       0xfc ./src/main_pdm_stereo_ldma.o
 .debug_frame   0x0000000000000fe0       0xc4 ./src/retargetserial.o
 .debug_frame   0x00000000000010a4       0x28 /Applications/Simplicity Studio.app/Contents/Eclipse/developer/toolchains/gnu_arm/7.2_2017q4/bin/../lib/gcc/arm-none-eabi/7.2.1/../../../../arm-none-eabi/lib/thumb/v8-m.main/fpv5-sp/softfp/libc_nano.a(lib_a-exit.o)
 .debug_frame   0x00000000000010cc       0x2c /Applications/Simplicity Studio.app/Contents/Eclipse/developer/toolchains/gnu_arm/7.2_2017q4/bin/../lib/gcc/arm-none-eabi/7.2.1/../../../../arm-none-eabi/lib/thumb/v8-m.main/fpv5-sp/softfp/libc_nano.a(lib_a-init.o)
 .debug_frame   0x00000000000010f8       0x20 /Applications/Simplicity Studio.app/Contents/Eclipse/developer/toolchains/gnu_arm/7.2_2017q4/bin/../lib/gcc/arm-none-eabi/7.2.1/../../../../arm-none-eabi/lib/thumb/v8-m.main/fpv5-sp/softfp/libc_nano.a(lib_a-memset.o)
 .debug_frame   0x0000000000001118       0x38 /Applications/Simplicity Studio.app/Contents/Eclipse/developer/toolchains/gnu_arm/7.2_2017q4/bin/../lib/gcc/arm-none-eabi/7.2.1/../../../../arm-none-eabi/lib/thumb/v8-m.main/fpv5-sp/softfp/libc_nano.a(lib_a-setvbuf.o)
 .debug_frame   0x0000000000001150       0x68 /Applications/Simplicity Studio.app/Contents/Eclipse/developer/toolchains/gnu_arm/7.2_2017q4/bin/../lib/gcc/arm-none-eabi/7.2.1/../../../../arm-none-eabi/lib/thumb/v8-m.main/fpv5-sp/softfp/libc_nano.a(lib_a-fflush.o)
 .debug_frame   0x00000000000011b8      0x11c /Applications/Simplicity Studio.app/Contents/Eclipse/developer/toolchains/gnu_arm/7.2_2017q4/bin/../lib/gcc/arm-none-eabi/7.2.1/../../../../arm-none-eabi/lib/thumb/v8-m.main/fpv5-sp/softfp/libc_nano.a(lib_a-findfp.o)
 .debug_frame   0x00000000000012d4       0x54 /Applications/Simplicity Studio.app/Contents/Eclipse/developer/toolchains/gnu_arm/7.2_2017q4/bin/../lib/gcc/arm-none-eabi/7.2.1/../../../../arm-none-eabi/lib/thumb/v8-m.main/fpv5-sp/softfp/libc_nano.a(lib_a-fwalk.o)
 .debug_frame   0x0000000000001328       0x58 /Applications/Simplicity Studio.app/Contents/Eclipse/developer/toolchains/gnu_arm/7.2_2017q4/bin/../lib/gcc/arm-none-eabi/7.2.1/../../../../arm-none-eabi/lib/thumb/v8-m.main/fpv5-sp/softfp/libc_nano.a(lib_a-makebuf.o)
 .debug_frame   0x0000000000001380       0x30 /Applications/Simplicity Studio.app/Contents/Eclipse/developer/toolchains/gnu_arm/7.2_2017q4/bin/../lib/gcc/arm-none-eabi/7.2.1/../../../../arm-none-eabi/lib/thumb/v8-m.main/fpv5-sp/softfp/libc_nano.a(lib_a-malloc.o)
 .debug_frame   0x00000000000013b0       0x38 /Applications/Simplicity Studio.app/Contents/Eclipse/developer/toolchains/gnu_arm/7.2_2017q4/bin/../lib/gcc/arm-none-eabi/7.2.1/../../../../arm-none-eabi/lib/thumb/v8-m.main/fpv5-sp/softfp/libc_nano.a(lib_a-nano-freer.o)
 .debug_frame   0x00000000000013e8       0x2c /Applications/Simplicity Studio.app/Contents/Eclipse/developer/toolchains/gnu_arm/7.2_2017q4/bin/../lib/gcc/arm-none-eabi/7.2.1/../../../../arm-none-eabi/lib/thumb/v8-m.main/fpv5-sp/softfp/libc_nano.a(lib_a-nano-mallocr.o)
 .debug_frame   0x0000000000001414       0x2c /Applications/Simplicity Studio.app/Contents/Eclipse/developer/toolchains/gnu_arm/7.2_2017q4/bin/../lib/gcc/arm-none-eabi/7.2.1/../../../../arm-none-eabi/lib/thumb/v8-m.main/fpv5-sp/softfp/libc_nano.a(lib_a-sbrkr.o)
 .debug_frame   0x0000000000001440       0x88 /Applications/Simplicity Studio.app/Contents/Eclipse/developer/toolchains/gnu_arm/7.2_2017q4/bin/../lib/gcc/arm-none-eabi/7.2.1/../../../../arm-none-eabi/lib/thumb/v8-m.main/fpv5-sp/softfp/libc_nano.a(lib_a-stdio.o)
 .debug_frame   0x00000000000014c8       0x2c /Applications/Simplicity Studio.app/Contents/Eclipse/developer/toolchains/gnu_arm/7.2_2017q4/bin/../lib/gcc/arm-none-eabi/7.2.1/../../../../arm-none-eabi/lib/thumb/v8-m.main/fpv5-sp/softfp/libc_nano.a(lib_a-writer.o)
 .debug_frame   0x00000000000014f4       0x2c /Applications/Simplicity Studio.app/Contents/Eclipse/developer/toolchains/gnu_arm/7.2_2017q4/bin/../lib/gcc/arm-none-eabi/7.2.1/../../../../arm-none-eabi/lib/thumb/v8-m.main/fpv5-sp/softfp/libc_nano.a(lib_a-closer.o)
 .debug_frame   0x0000000000001520       0x2c /Applications/Simplicity Studio.app/Contents/Eclipse/developer/toolchains/gnu_arm/7.2_2017q4/bin/../lib/gcc/arm-none-eabi/7.2.1/../../../../arm-none-eabi/lib/thumb/v8-m.main/fpv5-sp/softfp/libc_nano.a(lib_a-fstatr.o)
 .debug_frame   0x000000000000154c       0x2c /Applications/Simplicity Studio.app/Contents/Eclipse/developer/toolchains/gnu_arm/7.2_2017q4/bin/../lib/gcc/arm-none-eabi/7.2.1/../../../../arm-none-eabi/lib/thumb/v8-m.main/fpv5-sp/softfp/libc_nano.a(lib_a-lseekr.o)
 .debug_frame   0x0000000000001578       0x30 /Applications/Simplicity Studio.app/Contents/Eclipse/developer/toolchains/gnu_arm/7.2_2017q4/bin/../lib/gcc/arm-none-eabi/7.2.1/../../../../arm-none-eabi/lib/thumb/v8-m.main/fpv5-sp/softfp/libc_nano.a(lib_a-mlock.o)
 .debug_frame   0x00000000000015a8       0x2c /Applications/Simplicity Studio.app/Contents/Eclipse/developer/toolchains/gnu_arm/7.2_2017q4/bin/../lib/gcc/arm-none-eabi/7.2.1/../../../../arm-none-eabi/lib/thumb/v8-m.main/fpv5-sp/softfp/libc_nano.a(lib_a-readr.o)
 .debug_frame   0x00000000000015d4       0x5c /Applications/Simplicity Studio.app/Contents/Eclipse/developer/toolchains/gnu_arm/7.2_2017q4/bin/../lib/gcc/arm-none-eabi/7.2.1/../../../../arm-none-eabi/lib/thumb/v8-m.main/fpv5-sp/softfp/libc_nano.a(lib_a-reent.o)
